Archive member included to satisfy reference by file (symbol)

C:/ST/STM32CubeIDE_1.18.1/STM32CubeIDE/plugins/com.st.stm32cube.ide.mcu.externaltools.gnu-tools-for-stm32.13.3.rel1.win32_1.0.0.202411081344/tools/bin/../lib/gcc/arm-none-eabi/13.3.1/../../../../arm-none-eabi/lib/thumb/v7e-m+fp/hard\libc_nano.a(libc_a-exit.o)
                              C:/ST/STM32CubeIDE_1.18.1/STM32CubeIDE/plugins/com.st.stm32cube.ide.mcu.externaltools.gnu-tools-for-stm32.13.3.rel1.win32_1.0.0.202411081344/tools/bin/../lib/gcc/arm-none-eabi/13.3.1/../../../../arm-none-eabi/lib/thumb/v7e-m+fp/hard/crt0.o (exit)
C:/ST/STM32CubeIDE_1.18.1/STM32CubeIDE/plugins/com.st.stm32cube.ide.mcu.externaltools.gnu-tools-for-stm32.13.3.rel1.win32_1.0.0.202411081344/tools/bin/../lib/gcc/arm-none-eabi/13.3.1/../../../../arm-none-eabi/lib/thumb/v7e-m+fp/hard\libc_nano.a(libc_a-findfp.o)
                              C:/ST/STM32CubeIDE_1.18.1/STM32CubeIDE/plugins/com.st.stm32cube.ide.mcu.externaltools.gnu-tools-for-stm32.13.3.rel1.win32_1.0.0.202411081344/tools/bin/../lib/gcc/arm-none-eabi/13.3.1/../../../../arm-none-eabi/lib/thumb/v7e-m+fp/hard\libc_nano.a(libc_a-exit.o) (__stdio_exit_handler)
C:/ST/STM32CubeIDE_1.18.1/STM32CubeIDE/plugins/com.st.stm32cube.ide.mcu.externaltools.gnu-tools-for-stm32.13.3.rel1.win32_1.0.0.202411081344/tools/bin/../lib/gcc/arm-none-eabi/13.3.1/../../../../arm-none-eabi/lib/thumb/v7e-m+fp/hard\libc_nano.a(libc_a-fwalk.o)
                              C:/ST/STM32CubeIDE_1.18.1/STM32CubeIDE/plugins/com.st.stm32cube.ide.mcu.externaltools.gnu-tools-for-stm32.13.3.rel1.win32_1.0.0.202411081344/tools/bin/../lib/gcc/arm-none-eabi/13.3.1/../../../../arm-none-eabi/lib/thumb/v7e-m+fp/hard\libc_nano.a(libc_a-findfp.o) (_fwalk_sglue)
C:/ST/STM32CubeIDE_1.18.1/STM32CubeIDE/plugins/com.st.stm32cube.ide.mcu.externaltools.gnu-tools-for-stm32.13.3.rel1.win32_1.0.0.202411081344/tools/bin/../lib/gcc/arm-none-eabi/13.3.1/../../../../arm-none-eabi/lib/thumb/v7e-m+fp/hard\libc_nano.a(libc_a-stdio.o)
                              C:/ST/STM32CubeIDE_1.18.1/STM32CubeIDE/plugins/com.st.stm32cube.ide.mcu.externaltools.gnu-tools-for-stm32.13.3.rel1.win32_1.0.0.202411081344/tools/bin/../lib/gcc/arm-none-eabi/13.3.1/../../../../arm-none-eabi/lib/thumb/v7e-m+fp/hard\libc_nano.a(libc_a-findfp.o) (__sread)
C:/ST/STM32CubeIDE_1.18.1/STM32CubeIDE/plugins/com.st.stm32cube.ide.mcu.externaltools.gnu-tools-for-stm32.13.3.rel1.win32_1.0.0.202411081344/tools/bin/../lib/gcc/arm-none-eabi/13.3.1/../../../../arm-none-eabi/lib/thumb/v7e-m+fp/hard\libc_nano.a(libc_a-memset.o)
                              C:/ST/STM32CubeIDE_1.18.1/STM32CubeIDE/plugins/com.st.stm32cube.ide.mcu.externaltools.gnu-tools-for-stm32.13.3.rel1.win32_1.0.0.202411081344/tools/bin/../lib/gcc/arm-none-eabi/13.3.1/../../../../arm-none-eabi/lib/thumb/v7e-m+fp/hard/crt0.o (memset)
C:/ST/STM32CubeIDE_1.18.1/STM32CubeIDE/plugins/com.st.stm32cube.ide.mcu.externaltools.gnu-tools-for-stm32.13.3.rel1.win32_1.0.0.202411081344/tools/bin/../lib/gcc/arm-none-eabi/13.3.1/../../../../arm-none-eabi/lib/thumb/v7e-m+fp/hard\libc_nano.a(libc_a-closer.o)
                              C:/ST/STM32CubeIDE_1.18.1/STM32CubeIDE/plugins/com.st.stm32cube.ide.mcu.externaltools.gnu-tools-for-stm32.13.3.rel1.win32_1.0.0.202411081344/tools/bin/../lib/gcc/arm-none-eabi/13.3.1/../../../../arm-none-eabi/lib/thumb/v7e-m+fp/hard\libc_nano.a(libc_a-stdio.o) (_close_r)
C:/ST/STM32CubeIDE_1.18.1/STM32CubeIDE/plugins/com.st.stm32cube.ide.mcu.externaltools.gnu-tools-for-stm32.13.3.rel1.win32_1.0.0.202411081344/tools/bin/../lib/gcc/arm-none-eabi/13.3.1/../../../../arm-none-eabi/lib/thumb/v7e-m+fp/hard\libc_nano.a(libc_a-reent.o)
                              C:/ST/STM32CubeIDE_1.18.1/STM32CubeIDE/plugins/com.st.stm32cube.ide.mcu.externaltools.gnu-tools-for-stm32.13.3.rel1.win32_1.0.0.202411081344/tools/bin/../lib/gcc/arm-none-eabi/13.3.1/../../../../arm-none-eabi/lib/thumb/v7e-m+fp/hard\libc_nano.a(libc_a-closer.o) (errno)
C:/ST/STM32CubeIDE_1.18.1/STM32CubeIDE/plugins/com.st.stm32cube.ide.mcu.externaltools.gnu-tools-for-stm32.13.3.rel1.win32_1.0.0.202411081344/tools/bin/../lib/gcc/arm-none-eabi/13.3.1/../../../../arm-none-eabi/lib/thumb/v7e-m+fp/hard\libc_nano.a(libc_a-impure.o)
                              C:/ST/STM32CubeIDE_1.18.1/STM32CubeIDE/plugins/com.st.stm32cube.ide.mcu.externaltools.gnu-tools-for-stm32.13.3.rel1.win32_1.0.0.202411081344/tools/bin/../lib/gcc/arm-none-eabi/13.3.1/../../../../arm-none-eabi/lib/thumb/v7e-m+fp/hard\libc_nano.a(libc_a-reent.o) (_impure_ptr)
C:/ST/STM32CubeIDE_1.18.1/STM32CubeIDE/plugins/com.st.stm32cube.ide.mcu.externaltools.gnu-tools-for-stm32.13.3.rel1.win32_1.0.0.202411081344/tools/bin/../lib/gcc/arm-none-eabi/13.3.1/../../../../arm-none-eabi/lib/thumb/v7e-m+fp/hard\libc_nano.a(libc_a-lseekr.o)
[...]
Memory Configuration

Name             Origin             Length             Attributes
RAM              0x20000000         0x00010000         xrw
SRAM2            0x10000000         0x00004000         xrw
FLASH            0x08000000         0x00040000         xr
*default*        0x00000000         0xffffffff

Linker script and memory map

LOAD C:/ST/STM32CubeIDE_1.18.1/STM32CubeIDE/plugins/com.st.stm32cube.ide.mcu.externaltools.gnu-tools-for-stm32.13.3.rel1.win32_1.0.0.202411081344/tools/bin/../lib/gcc/arm-none-eabi/13.3.1/thumb/v7e-m+fp/hard/crti.o
LOAD C:/ST/STM32CubeIDE_1.18.1/STM32CubeIDE/plugins/com.st.stm32cube.ide.mcu.externaltools.gnu-tools-for-stm32.13.3.rel1.win32_1.0.0.202411081344/tools/bin/../lib/gcc/arm-none-eabi/13.3.1/thumb/v7e-m+fp/hard/crtbegin.o
LOAD C:/ST/STM32CubeIDE_1.18.1/STM32CubeIDE/plugins/com.st.stm32cube.ide.mcu.externaltools.gnu-tools-for-stm32.13.3.rel1.win32_1.0.0.202411081344/tools/bin/../lib/gcc/arm-none-eabi/13.3.1/../../../../arm-none-eabi/lib/thumb/v7e-m+fp/hard/crt0.o
LOAD ./FreeRTOS/list.o
LOAD ./FreeRTOS/queue.o
LOAD ./FreeRTOS/tasks.o
LOAD ./FreeRTOS/timers.o
LOAD ./FreeRTOS/portable/GCC/ARM_CM4F/port.o
LOAD ./FreeRTOS/portable/MemMang/heap_4.o
LOAD ./Src/adc.o
LOAD ./Src/app_tasks.o
LOAD ./Src/i2c.o
LOAD ./Src/interrupt.o
LOAD ./Src/irq_handlers.o
LOAD ./Src/main.o
LOAD ./Src/syscalls.o
LOAD ./Src/sysmem.o
LOAD ./Src/timer.o
LOAD ./Src/uart.o
LOAD ./Startup/startup_stm32l433rctxp.o
START GROUP
LOAD C:/ST/STM32CubeIDE_1.18.1/STM32CubeIDE/plugins/com.st.stm32cube.ide.mcu.externaltools.gnu-tools-for-stm32.13.3.rel1.win32_1.0.0.202411081344/tools/bin/../lib/gcc/arm-none-eabi/13.3.1/../../../../arm-none-eabi/lib/thumb/v7e-m+fp/hard\libc_nano.a
LOAD C:/ST/STM32CubeIDE_1.18.1/STM32CubeIDE/plugins/com.st.stm32cube.ide.mcu.externaltools.gnu-tools-for-stm32.13.3.rel1.win32_1.0.0.202411081344/tools/bin/../lib/gcc/arm-none-eabi/13.3.1/../../../../arm-none-eabi/lib/thumb/v7e-m+fp/hard\libm.a
END GROUP
START GROUP
LOAD C:/ST/STM32CubeIDE_1.18.1/STM32CubeIDE/plugins/com.st.stm32cube.ide.mcu.externaltools.gnu-tools-for-stm32.13.3.rel1.win32_1.0.0.202411081344/tools/bin/../lib/gcc/arm-none-eabi/13.3.1/thumb/v7e-m+fp/hard\libgcc.a
LOAD C:/ST/STM32CubeIDE_1.18.1/STM32CubeIDE/plugins/com.st.stm32cube.ide.mcu.externaltools.gnu-tools-for-stm32.13.3.rel1.win32_1.0.0.202411081344/tools/bin/../lib/gcc/arm-none-eabi/13.3.1/../../../../arm-none-eabi/lib/thumb/v7e-m+fp/hard\libc_nano.a
END GROUP
START GROUP
LOAD C:/ST/STM32CubeIDE_1.18.1/STM32CubeIDE/plugins/com.st.stm32cube.ide.mcu.externaltools.gnu-tools-for-stm32.13.3.rel1.win32_1.0.0.202411081344/tools/bin/../lib/gcc/arm-none-eabi/13.3.1/thumb/v7e-m+fp/hard\libgcc.a
LOAD C:/ST/STM32CubeIDE_1.18.1/STM32CubeIDE/plugins/com.st.stm32cube.ide.mcu.externaltools.gnu-tools-for-stm32.13.3.rel1.win32_1.0.0.202411081344/tools/bin/../lib/gcc/arm-none-eabi/13.3.1/../../../../arm-none-eabi/lib/thumb/v7e-m+fp/hard\libc_nano.a
LOAD C:/ST/STM32CubeIDE_1.18.1/STM32CubeIDE/plugins/com.st.stm32cube.ide.mcu.externaltools.gnu-tools-for-stm32.13.3.rel1.win32_1.0.0.202411081344/tools/bin/../lib/gcc/arm-none-eabi/13.3.1/../../../../arm-none-eabi/lib/thumb/v7e-m+fp/hard\libnosys.a
END GROUP
START GROUP
LOAD C:/ST/STM32CubeIDE_1.18.1/STM32CubeIDE/plugins/com.st.stm32cube.ide.mcu.externaltools.gnu-tools-for-stm32.13.3.rel1.win32_1.0.0.202411081344/tools/bin/../lib/gcc/arm-none-eabi/13.3.1/thumb/v7e-m+fp/hard\libgcc.a
LOAD C:/ST/STM32CubeIDE_1.18.1/STM32CubeIDE/plugins/com.st.stm32cube.ide.mcu.externaltools.gnu-tools-for-stm32.13.3.rel1.win32_1.0.0.202411081344/tools/bin/../lib/gcc/arm-none-eabi/13.3.1/../../../../arm-none-eabi/lib/thumb/v7e-m+fp/hard\libc_nano.a
LOAD C:/ST/STM32CubeIDE_1.18.1/STM32CubeIDE/plugins/com.st.stm32cube.ide.mcu.externaltools.gnu-tools-for-stm32.13.3.rel1.win32_1.0.0.202411081344/tools/bin/../lib/gcc/arm-none-eabi/13.3.1/../../../../arm-none-eabi/lib/thumb/v7e-m+fp/hard\libnosys.a
END GROUP
LOAD C:/ST/STM32CubeIDE_1.18.1/STM32CubeIDE/plugins/com.st.stm32cube.ide.mcu.externaltools.gnu-tools-for-stm32.13.3.rel1.win32_1.0.0.202411081344/tools/bin/../lib/gcc/arm-none-eabi/13.3.1/thumb/v7e-m+fp/hard/crtend.o
LOAD C:/ST/STM32CubeIDE_1.18.1/STM32CubeIDE/plugins/com.st.stm32cube.ide.mcu.externaltools.gnu-tools-for-stm32.13.3.rel1.win32_1.0.0.202411081344/tools/bin/../lib/gcc/arm-none-eabi/13.3.1/thumb/v7e-m+fp/hard/crtn.o
                0x20010000                        _estack = (ORIGIN (RAM) + LENGTH (RAM))
                0x00000200                        _Min_Heap_Size = 0x200
                0x00000400                        _Min_Stack_Size = 0x400

.isr_vector     0x08000000      0x184
                0x08000000                        . = ALIGN (0x4)
 *(.isr_vector)
 .isr_vector    0x08000000      0x184 ./Startup/startup_stm32l433rctxp.o
                0x08000000                g_pfnVectors
                0x08000184                        . = ALIGN (0x4)

.text           0x08000184     0x2698
                0x08000184                        . = ALIGN (0x4)
 *(.text)
 .text          0x08000184       0x40 C:/ST/STM32CubeIDE_1.18.1/STM32CubeIDE/plugins/com.st.stm32cube.ide.mcu.externaltools.gnu-tools-for-stm32.13.3.rel1.win32_1.0.0.202411081344/tools/bin/../lib/gcc/arm-none-eabi/13.3.1/thumb/v7e-m+fp/hard/crtbegin.o
 *(.text*)
 .text.vListInitialise
                0x080001c4       0x40 ./FreeRTOS/list.o
                0x080001c4                vListInitialise
 .text.vListInitialiseItem
                0x08000204       0x1a ./FreeRTOS/list.o
                0x08000204                vListInitialiseItem
 .text.vListInsert
                0x0800021e       0x72 ./FreeRTOS/list.o
                0x0800021e                vListInsert
 .text.uxListRemove
                0x08000290       0x54 ./FreeRTOS/list.o
                0x08000290                uxListRemove
 .text.xQueueGenericReset
                0x080002e4       0xe8 ./FreeRTOS/queue.o
                0x080002e4                xQueueGenericReset
 .text.xQueueGenericCreate
                0x080003cc       0x7e ./FreeRTOS/queue.o
                0x080003cc                xQueueGenericCreate
 .text.prvInitialiseNewQueue
                0x0800044a       0x3e ./FreeRTOS/queue.o
 .text.xQueueGenericSend
                0x08000488      0x154 ./FreeRTOS/queue.o
                0x08000488                xQueueGenericSend
 .text.xQueueGiveFromISR
                0x080005dc       0xb8 ./FreeRTOS/queue.o
                0x080005dc                xQueueGiveFromISR
 .text.xQueueReceive
                0x08000694      0x144 ./FreeRTOS/queue.o
                0x08000694                xQueueReceive
 .text.xQueueSemaphoreTake
                0x080007d8      0x13c ./FreeRTOS/queue.o
                0x080007d8                xQueueSemaphoreTake
 .text.prvCopyDataToQueue
                0x08000914       0xb8 ./FreeRTOS/queue.o
 .text.prvCopyDataFromQueue
                0x080009cc       0x4c ./FreeRTOS/queue.o
 .text.prvUnlockQueue
                0x08000a18       0xa4 ./FreeRTOS/queue.o
 .text.prvIsQueueEmpty
                0x08000abc       0x2c ./FreeRTOS/queue.o
 .text.prvIsQueueFull
                0x08000ae8       0x30 ./FreeRTOS/queue.o
 .text.prvCreateTask
                0x08000b18       0x78 ./FreeRTOS/tasks.o
 .text.xTaskCreate
                0x08000b90       0x46 ./FreeRTOS/tasks.o
                0x08000b90                xTaskCreate
 .text.prvInitialiseNewTask
                0x08000bd6       0xca ./FreeRTOS/tasks.o
 .text.prvAddNewTaskToReadyList
                0x08000ca0      0x128 ./FreeRTOS/tasks.o
 .text.vTaskDelay
                0x08000dc8       0x48 ./FreeRTOS/tasks.o
                0x08000dc8                vTaskDelay
 .text.prvCreateIdleTasks
                0x08000e10       0xac ./FreeRTOS/tasks.o
 .text.vTaskStartScheduler
                0x08000ebc       0x5c ./FreeRTOS/tasks.o
                0x08000ebc                vTaskStartScheduler
 .text.vTaskSuspendAll
                0x08000f18       0x1c ./FreeRTOS/tasks.o
                0x08000f18                vTaskSuspendAll
 .text.xTaskResumeAll
                0x08000f34      0x1f0 ./FreeRTOS/tasks.o
                0x08000f34                xTaskResumeAll
 .text.uxTaskGetNumberOfTasks
                0x08001124       0x18 ./FreeRTOS/tasks.o
                0x08001124                uxTaskGetNumberOfTasks
 .text.xTaskIncrementTick
                0x0800113c      0x210 ./FreeRTOS/tasks.o
                0x0800113c                xTaskIncrementTick
 .text.vTaskSwitchContext
                0x0800134c       0x90 ./FreeRTOS/tasks.o
                0x0800134c                vTaskSwitchContext
 .text.vTaskPlaceOnEventList
                0x080013dc       0x2c ./FreeRTOS/tasks.o
                0x080013dc                vTaskPlaceOnEventList
 .text.xTaskRemoveFromEventList
                0x08001408      0x194 ./FreeRTOS/tasks.o
                0x08001408                xTaskRemoveFromEventList
 .text.vTaskInternalSetTimeOutState
                0x0800159c       0x2c ./FreeRTOS/tasks.o
                0x0800159c                vTaskInternalSetTimeOutState
 .text.xTaskCheckForTimeOut
                0x080015c8       0x84 ./FreeRTOS/tasks.o
                0x080015c8                xTaskCheckForTimeOut
 .text.vTaskMissedYield
                0x0800164c       0x18 ./FreeRTOS/tasks.o
                0x0800164c                vTaskMissedYield
 .text.prvIdleTask
                0x08001664       0x30 ./FreeRTOS/tasks.o
 .text.prvInitialiseTaskLists
                0x08001694       0x6c ./FreeRTOS/tasks.o
 .text.prvCheckTasksWaitingTermination
                0x08001700        0xe ./FreeRTOS/tasks.o
 *fill*         0x0800170e        0x2 
 .text.prvResetNextTaskUnblockTime
                0x08001710       0x38 ./FreeRTOS/tasks.o
 .text.prvAddCurrentTaskToDelayedList
                0x08001748       0xac ./FreeRTOS/tasks.o
 .text.pxPortInitialiseStack
                0x080017f4       0x68 ./FreeRTOS/portable/GCC/ARM_CM4F/port.o
                0x080017f4                pxPortInitialiseStack
 .text.prvTaskExitError
                0x0800185c       0x34 ./FreeRTOS/portable/GCC/ARM_CM4F/port.o
 .text.SVC_Handler
                0x08001890       0x24 ./FreeRTOS/portable/GCC/ARM_CM4F/port.o
                0x08001890                SVC_Handler
 .text.prvPortStartFirstTask
                0x080018b4       0x2c ./FreeRTOS/portable/GCC/ARM_CM4F/port.o
 .text.xPortStartScheduler
                0x080018e0       0x70 ./FreeRTOS/portable/GCC/ARM_CM4F/port.o
                0x080018e0                xPortStartScheduler
 .text.vPortEnterCritical
                0x08001950       0x34 ./FreeRTOS/portable/GCC/ARM_CM4F/port.o
                0x08001950                vPortEnterCritical
 .text.vPortExitCritical
                0x08001984       0x34 ./FreeRTOS/portable/GCC/ARM_CM4F/port.o
                0x08001984                vPortExitCritical
 .text.PendSV_Handler
                0x080019b8       0x64 ./FreeRTOS/portable/GCC/ARM_CM4F/port.o
                0x080019b8                PendSV_Handler
 .text.SysTick_Handler
                0x08001a1c       0x44 ./FreeRTOS/portable/GCC/ARM_CM4F/port.o
                0x08001a1c                SysTick_Handler
 .text.vPortSetupTimerInterrupt
                0x08001a60       0x34 ./FreeRTOS/portable/GCC/ARM_CM4F/port.o
                0x08001a60                vPortSetupTimerInterrupt
 .text.vPortEnableVFP
                0x08001a94       0x18 ./FreeRTOS/portable/GCC/ARM_CM4F/port.o
 .text.pvPortMalloc
                0x08001aac      0x164 ./FreeRTOS/portable/MemMang/heap_4.o
                0x08001aac                pvPortMalloc
 .text.vPortFree
                0x08001c10       0x74 ./FreeRTOS/portable/MemMang/heap_4.o
                0x08001c10                vPortFree
 .text.prvHeapInit
                0x08001c84       0xb4 ./FreeRTOS/portable/MemMang/heap_4.o
 .text.prvInsertBlockIntoFreeList
                0x08001d38       0xb4 ./FreeRTOS/portable/MemMang/heap_4.o
 .text.adc_init
                0x08001dec       0xe4 ./Src/adc.o
                0x08001dec                adc_init
 .text.start_conversion
                0x08001ed0       0x20 ./Src/adc.o
                0x08001ed0                start_conversion
 .text.adc_read
                0x08001ef0       0x24 ./Src/adc.o
                0x08001ef0                adc_read
 .text.adc_task
                0x08001f14       0x34 ./Src/app_tasks.o
                0x08001f14                adc_task
 .text.i2c_task
                0x08001f48       0x38 ./Src/app_tasks.o
                0x08001f48                i2c_task
 .text.uart_task
                0x08001f80       0x68 ./Src/app_tasks.o
                0x08001f80                uart_task
 .text.LED_task
                0x08001fe8       0x3c ./Src/app_tasks.o
                0x08001fe8                LED_task
 .text.i2c_init
                0x08002024      0x110 ./Src/i2c.o
                0x08002024                i2c_init
 .text.i2c_write
                0x08002134       0x6c ./Src/i2c.o
                0x08002134                i2c_write
 .text.i2c_read
                0x080021a0       0x8c ./Src/i2c.o
                0x080021a0                i2c_read
 .text.__NVIC_EnableIRQ
                0x0800222c       0x3c ./Src/interrupt.o
 .text.p3_exti_init
                0x08002268       0x94 ./Src/interrupt.o
                0x08002268                p3_exti_init
 .text.EXTI3_IRQHandler
                0x080022fc       0x5c ./Src/irq_handlers.o
                0x080022fc                EXTI3_IRQHandler
 .text.GPIO_init
                0x08002358       0x3c ./Src/main.o
                0x08002358                GPIO_init
 .text.main     0x08002394       0xe8 ./Src/main.o
                0x08002394                main
 .text.SetClock_16MHz
                0x0800247c       0x54 ./Src/timer.o
                0x0800247c                SetClock_16MHz
 .text.delay    0x080024d0       0x74 ./Src/timer.o
                0x080024d0                delay
 .text.uart_init
                0x08002544       0xc0 ./Src/uart.o
                0x08002544                uart_init
 .text.set_baud
                0x08002604       0x28 ./Src/uart.o
 .text.uart_write
                0x0800262c       0x40 ./Src/uart.o
                0x0800262c                uart_write
 .text.uart_write_int
                0x0800266c       0xd0 ./Src/uart.o
                0x0800266c                uart_write_int
 .text.Reset_Handler
                0x0800273c       0x50 ./Startup/startup_stm32l433rctxp.o
                0x0800273c                Reset_Handler
 .text.Default_Handler
                0x0800278c        0x2 ./Startup/startup_stm32l433rctxp.o
                0x0800278c                EXTI2_IRQHandler
                0x0800278c                DebugMon_Handler
                0x0800278c                TIM1_CC_IRQHandler
                0x0800278c                TSC_IRQHandler
                0x0800278c                HardFault_Handler
                0x0800278c                PVD_IRQHandler
                0x0800278c                TAMP_STAMP_IRQHandler
                0x0800278c                NMI_Handler
                0x0800278c                LPTIM2_IRQHandler
                0x0800278c                USB_FS_IRQHandler
                0x0800278c                I2C3_ER_IRQHandler
                0x0800278c                EXTI0_IRQHandler
                0x0800278c                I2C2_EV_IRQHandler
                0x0800278c                CAN1_RX0_IRQHandler
                0x0800278c                UsageFault_Handler
                0x0800278c                SPI1_IRQHandler
                0x0800278c                TIM6_DAC_IRQHandler
                0x0800278c                SDMMC_IRQHandler
                0x0800278c                RTC_ALARM_IRQHandler
                0x0800278c                DMA2_Channel2_IRQHandler
                0x0800278c                DMA1_Channel4_IRQHandler
                0x0800278c                ADC1_IRQHandler
                0x0800278c                USART3_IRQHandler
                0x0800278c                DMA1_Channel7_IRQHandler
                0x0800278c                CAN1_RX1_IRQHandler
                0x0800278c                LCD_IRQHandler
                0x0800278c                ADC3_IRQHandler
                0x0800278c                DMA2_Channel1_IRQHandler
                0x0800278c                I2C1_EV_IRQHandler
                0x0800278c                DMA1_Channel6_IRQHandler
                0x0800278c                TIM16_IRQHandler
                0x0800278c                DMA2_Channel4_IRQHandler
                0x0800278c                RCC_IRQHandler
                0x0800278c                DMA1_Channel1_IRQHandler
                0x0800278c                Default_Handler
                0x0800278c                DMA2_Channel7_IRQHandler
                0x0800278c                EXTI15_10_IRQHandler
                0x0800278c                TIM7_IRQHandler
                0x0800278c                TIM15_IRQHandler
                0x0800278c                I2C3_EV_IRQHandler
                0x0800278c                EXTI9_5_IRQHandler
                0x0800278c                RTC_WKUP_IRQHandler
                0x0800278c                SPI2_IRQHandler
                0x0800278c                MemManage_Handler
                0x0800278c                CAN1_TX_IRQHandler
                0x0800278c                DMA2_Channel5_IRQHandler
                0x0800278c                CRS_IRQHandler
                0x0800278c                DMA1_Channel5_IRQHandler
                0x0800278c                EXTI4_IRQHandler
                0x0800278c                RNG_IRQHandler
                0x0800278c                DMA1_Channel3_IRQHandler
                0x0800278c                COMP_IRQHandler
                0x0800278c                WWDG_IRQHandler
                0x0800278c                DMA2_Channel6_IRQHandler
                0x0800278c                TIM2_IRQHandler
                0x0800278c                EXTI1_IRQHandler
                0x0800278c                USART2_IRQHandler
                0x0800278c                I2C2_ER_IRQHandler
                0x0800278c                DMA1_Channel2_IRQHandler
                0x0800278c                CAN1_SCE_IRQHandler
                0x0800278c                FLASH_IRQHandler
                0x0800278c                BusFault_Handler
                0x0800278c                USART1_IRQHandler
                0x0800278c                SPI3_IRQHandler
                0x0800278c                I2C1_ER_IRQHandler
                0x0800278c                SWPMI1_IRQHandler
                0x0800278c                LPTIM1_IRQHandler
                0x0800278c                SAI1_IRQHandler
                0x0800278c                DMA2_Channel3_IRQHandler
 .text.memset   0x0800278e       0x10 C:/ST/STM32CubeIDE_1.18.1/STM32CubeIDE/plugins/com.st.stm32cube.ide.mcu.externaltools.gnu-tools-for-stm32.13.3.rel1.win32_1.0.0.202411081344/tools/bin/../lib/gcc/arm-none-eabi/13.3.1/../../../../arm-none-eabi/lib/thumb/v7e-m+fp/hard\libc_nano.a(libc_a-memset.o)
                0x0800278e                memset
 *fill*         0x0800279e        0x2 
 .text.__libc_init_array
                0x080027a0       0x48 C:/ST/STM32CubeIDE_1.18.1/STM32CubeIDE/plugins/com.st.stm32cube.ide.mcu.externaltools.gnu-tools-for-stm32.13.3.rel1.win32_1.0.0.202411081344/tools/bin/../lib/gcc/arm-none-eabi/13.3.1/../../../../arm-none-eabi/lib/thumb/v7e-m+fp/hard\libc_nano.a(libc_a-init.o)
                0x080027a0                __libc_init_array
 .text.memcpy   0x080027e8       0x1c C:/ST/STM32CubeIDE_1.18.1/STM32CubeIDE/plugins/com.st.stm32cube.ide.mcu.externaltools.gnu-tools-for-stm32.13.3.rel1.win32_1.0.0.202411081344/tools/bin/../lib/gcc/arm-none-eabi/13.3.1/../../../../arm-none-eabi/lib/thumb/v7e-m+fp/hard\libc_nano.a(libc_a-memcpy-stub.o)
                0x080027e8                memcpy
 *(.glue_7)
 .glue_7        0x08002804        0x0 linker stubs
 *(.glue_7t)
 .glue_7t       0x08002804        0x0 linker stubs
 *(.eh_frame)
 .eh_frame      0x08002804        0x0 C:/ST/STM32CubeIDE_1.18.1/STM32CubeIDE/plugins/com.st.stm32cube.ide.mcu.externaltools.gnu-tools-for-stm32.13.3.rel1.win32_1.0.0.202411081344/tools/bin/../lib/gcc/arm-none-eabi/13.3.1/thumb/v7e-m+fp/hard/crtbegin.o
 *(.init)
 .init          0x08002804        0x4 C:/ST/STM32CubeIDE_1.18.1/STM32CubeIDE/plugins/com.st.stm32cube.ide.mcu.externaltools.gnu-tools-for-stm32.13.3.rel1.win32_1.0.0.202411081344/tools/bin/../lib/gcc/arm-none-eabi/13.3.1/thumb/v7e-m+fp/hard/crti.o
                0x08002804                _init
 .init          0x08002808        0x8 C:/ST/STM32CubeIDE_1.18.1/STM32CubeIDE/plugins/com.st.stm32cube.ide.mcu.externaltools.gnu-tools-for-stm32.13.3.rel1.win32_1.0.0.202411081344/tools/bin/../lib/gcc/arm-none-eabi/13.3.1/thumb/v7e-m+fp/hard/crtn.o
 *(.fini)
 .fini          0x08002810        0x4 C:/ST/STM32CubeIDE_1.18.1/STM32CubeIDE/plugins/com.st.stm32cube.ide.mcu.externaltools.gnu-tools-for-stm32.13.3.rel1.win32_1.0.0.202411081344/tools/bin/../lib/gcc/arm-none-eabi/13.3.1/thumb/v7e-m+fp/hard/crti.o
                0x08002810                _fini
 .fini          0x08002814        0x8 C:/ST/STM32CubeIDE_1.18.1/STM32CubeIDE/plugins/com.st.stm32cube.ide.mcu.externaltools.gnu-tools-for-stm32.13.3.rel1.win32_1.0.0.202411081344/tools/bin/../lib/gcc/arm-none-eabi/13.3.1/thumb/v7e-m+fp/hard/crtn.o
                0x0800281c                        . = ALIGN (0x4)
                0x0800281c                        _etext = .

.vfp11_veneer   0x0800281c        0x0
 .vfp11_veneer  0x0800281c        0x0 linker stubs

.v4_bx          0x0800281c        0x0
 .v4_bx         0x0800281c        0x0 linker stubs

.iplt           0x0800281c        0x0
 .iplt          0x0800281c        0x0 C:/ST/STM32CubeIDE_1.18.1/STM32CubeIDE/plugins/com.st.stm32cube.ide.mcu.externaltools.gnu-tools-for-stm32.13.3.rel1.win32_1.0.0.202411081344/tools/bin/../lib/gcc/arm-none-eabi/13.3.1/thumb/v7e-m+fp/hard/crtbegin.o

.rodata         0x0800281c       0x38
                0x0800281c                        . = ALIGN (0x4)
 *(.rodata)
 .rodata        0x0800281c        0x5 ./FreeRTOS/tasks.o
 *fill*         0x08002821        0x3 
 .rodata        0x08002824       0x13 ./Src/app_tasks.o
 *fill*         0x08002837        0x1 
 .rodata        0x08002838       0x14 ./Src/main.o
 .rodata        0x0800284c        0x2 ./Src/uart.o
 *(.rodata*)
 *fill*         0x0800284e        0x2 
 .rodata.uxTopUsedPriority
                0x08002850        0x4 ./FreeRTOS/tasks.o
                0x08002854                        . = ALIGN (0x4)

.ARM.extab      0x08002854        0x0
                0x08002854                        . = ALIGN (0x4)
 *(.ARM.extab* .gnu.linkonce.armextab.*)
                0x08002854                        . = ALIGN (0x4)

.ARM            0x08002854        0x0
                0x08002854                        . = ALIGN (0x4)
                0x08002854                        __exidx_start = .
 *(.ARM.exidx*)
                0x08002854                        __exidx_end = .
                0x08002854                        . = ALIGN (0x4)

.preinit_array  0x08002854        0x0
                0x08002854                        . = ALIGN (0x4)
                0x08002854                        PROVIDE (__preinit_array_start = .)
 *(.preinit_array*)
                0x08002854                        PROVIDE (__preinit_array_end = .)
                0x08002854                        . = ALIGN (0x4)

.init_array     0x08002854        0x4
                0x08002854                        . = ALIGN (0x4)
                0x08002854                        PROVIDE (__init_array_start = .)
 *(SORT_BY_NAME(.init_array.*))
 *(.init_array*)
 .init_array    0x08002854        0x4 C:/ST/STM32CubeIDE_1.18.1/STM32CubeIDE/plugins/com.st.stm32cube.ide.mcu.externaltools.gnu-tools-for-stm32.13.3.rel1.win32_1.0.0.202411081344/tools/bin/../lib/gcc/arm-none-eabi/13.3.1/thumb/v7e-m+fp/hard/crtbegin.o
                0x08002858                        PROVIDE (__init_array_end = .)
                0x08002858                        . = ALIGN (0x4)

.fini_array     0x08002858        0x4
                0x08002858                        . = ALIGN (0x4)
                [!provide]                        PROVIDE (__fini_array_start = .)
 *(SORT_BY_NAME(.fini_array.*))
 *(.fini_array*)
 .fini_array    0x08002858        0x4 C:/ST/STM32CubeIDE_1.18.1/STM32CubeIDE/plugins/com.st.stm32cube.ide.mcu.externaltools.gnu-tools-for-stm32.13.3.rel1.win32_1.0.0.202411081344/tools/bin/../lib/gcc/arm-none-eabi/13.3.1/thumb/v7e-m+fp/hard/crtbegin.o
                [!provide]                        PROVIDE (__fini_array_end = .)
                0x0800285c                        . = ALIGN (0x4)
                0x0800285c                        _sidata = LOADADDR (.data)

.rel.dyn        0x0800285c        0x0
 .rel.iplt      0x0800285c        0x0 C:/ST/STM32CubeIDE_1.18.1/STM32CubeIDE/plugins/com.st.stm32cube.ide.mcu.externaltools.gnu-tools-for-stm32.13.3.rel1.win32_1.0.0.202411081344/tools/bin/../lib/gcc/arm-none-eabi/13.3.1/thumb/v7e-m+fp/hard/crtbegin.o

.data           0x20000000        0x4 load address 0x0800285c
                0x20000000                        . = ALIGN (0x4)
                0x20000000                        _sdata = .
 *(.data)
 *(.data*)
 .data.uxCriticalNesting
                0x20000000        0x4 ./FreeRTOS/portable/GCC/ARM_CM4F/port.o
 *(.RamFunc)
 *(.RamFunc*)
                0x20000004                        . = ALIGN (0x4)
                0x20000004                        _edata = .
                0x08002860                        _sisram2 = LOADADDR (.sram2)

.igot.plt       0x20000004        0x0 load address 0x08002860
 .igot.plt      0x20000004        0x0 C:/ST/STM32CubeIDE_1.18.1/STM32CubeIDE/plugins/com.st.stm32cube.ide.mcu.externaltools.gnu-tools-for-stm32.13.3.rel1.win32_1.0.0.202411081344/tools/bin/../lib/gcc/arm-none-eabi/13.3.1/thumb/v7e-m+fp/hard/crtbegin.o

.sram2          0x10000000        0x0 load address 0x08002860
                0x10000000                        . = ALIGN (0x4)
                0x10000000                        _ssram2 = .
 *(.sram2)
 *(.sram2*)
                0x10000000                        . = ALIGN (0x4)
                0x10000000                        _esram2 = .
                0x10000000                        . = ALIGN (0x4)

.bss            0x20000004     0x2918
                0x20000004                        _sbss = .
                0x20000004                        __bss_start__ = _sbss
 *(.bss)
 .bss           0x20000004       0x1c C:/ST/STM32CubeIDE_1.18.1/STM32CubeIDE/plugins/com.st.stm32cube.ide.mcu.externaltools.gnu-tools-for-stm32.13.3.rel1.win32_1.0.0.202411081344/tools/bin/../lib/gcc/arm-none-eabi/13.3.1/thumb/v7e-m+fp/hard/crtbegin.o
 *(.bss*)
 .bss.pxCurrentTCB
                0x20000020        0x4 ./FreeRTOS/tasks.o
                0x20000020                pxCurrentTCB
 .bss.pxReadyTasksLists
                0x20000024       0x64 ./FreeRTOS/tasks.o
 .bss.xDelayedTaskList1
                0x20000088       0x14 ./FreeRTOS/tasks.o
 .bss.xDelayedTaskList2
                0x2000009c       0x14 ./FreeRTOS/tasks.o
 .bss.pxDelayedTaskList
                0x200000b0        0x4 ./FreeRTOS/tasks.o
 .bss.pxOverflowDelayedTaskList
                0x200000b4        0x4 ./FreeRTOS/tasks.o
 .bss.xPendingReadyList
                0x200000b8       0x14 ./FreeRTOS/tasks.o
 .bss.uxCurrentNumberOfTasks
                0x200000cc        0x4 ./FreeRTOS/tasks.o
 .bss.xTickCount
                0x200000d0        0x4 ./FreeRTOS/tasks.o
 .bss.uxTopReadyPriority
                0x200000d4        0x4 ./FreeRTOS/tasks.o
 .bss.xSchedulerRunning
                0x200000d8        0x4 ./FreeRTOS/tasks.o
 .bss.xPendedTicks
                0x200000dc        0x4 ./FreeRTOS/tasks.o
 .bss.xYieldPendings
                0x200000e0        0x4 ./FreeRTOS/tasks.o
 .bss.xNumOfOverflows
                0x200000e4        0x4 ./FreeRTOS/tasks.o
 .bss.uxTaskNumber
                0x200000e8        0x4 ./FreeRTOS/tasks.o
 .bss.xNextTaskUnblockTime
                0x200000ec        0x4 ./FreeRTOS/tasks.o
 .bss.xIdleTaskHandles
                0x200000f0        0x4 ./FreeRTOS/tasks.o
 .bss.uxSchedulerSuspended
                0x200000f4        0x4 ./FreeRTOS/tasks.o
 .bss.ucHeap    0x200000f8     0x2800 ./FreeRTOS/portable/MemMang/heap_4.o
 .bss.xStart    0x200028f8        0x8 ./FreeRTOS/portable/MemMang/heap_4.o
 .bss.pxEnd     0x20002900        0x4 ./FreeRTOS/portable/MemMang/heap_4.o
 .bss.xFreeBytesRemaining
                0x20002904        0x4 ./FreeRTOS/portable/MemMang/heap_4.o
 .bss.xMinimumEverFreeBytesRemaining
                0x20002908        0x4 ./FreeRTOS/portable/MemMang/heap_4.o
 .bss.xNumberOfSuccessfulAllocations
                0x2000290c        0x4 ./FreeRTOS/portable/MemMang/heap_4.o
 .bss.xNumberOfSuccessfulFrees
                0x20002910        0x4 ./FreeRTOS/portable/MemMang/heap_4.o
 .bss.dataQueue
                0x20002914        0x4 ./Src/app_tasks.o
                0x20002914                dataQueue
 .bss.ledSemaphore
                0x20002918        0x4 ./Src/app_tasks.o
                0x20002918                ledSemaphore
 *(COMMON)
                0x2000291c                        . = ALIGN (0x4)
                0x2000291c                        _ebss = .
                0x2000291c                        __bss_end__ = _ebss

._user_heap_stack
                0x2000291c      0x604
                0x20002920                        . = ALIGN (0x8)
 *fill*         0x2000291c        0x4 
                [!provide]                        PROVIDE (end = .)
                0x20002920                        PROVIDE (_end = .)
                0x20002b20                        . = (. + _Min_Heap_Size)
 *fill*         0x20002920      0x200 
                0x20002f20                        . = (. + _Min_Stack_Size)
 *fill*         0x20002b20      0x400 
                0x20002f20                        . = ALIGN (0x8)

/DISCARD/
 libc.a(*)
 libm.a(*)
 libgcc.a(*)

.ARM.attributes
                0x00000000       0x30
 *(.ARM.attributes)
 .ARM.attributes
                0x00000000       0x22 C:/ST/STM32CubeIDE_1.18.1/STM32CubeIDE/plugins/com.st.stm32cube.ide.mcu.externaltools.gnu-tools-for-stm32.13.3.rel1.win32_1.0.0.202411081344/tools/bin/../lib/gcc/arm-none-eabi/13.3.1/thumb/v7e-m+fp/hard/crti.o
 .ARM.attributes
                0x00000022       0x34 C:/ST/STM32CubeIDE_1.18.1/STM32CubeIDE/plugins/com.st.stm32cube.ide.mcu.externaltools.gnu-tools-for-stm32.13.3.rel1.win32_1.0.0.202411081344/tools/bin/../lib/gcc/arm-none-eabi/13.3.1/thumb/v7e-m+fp/hard/crtbegin.o
 .ARM.attributes
                0x00000056       0x34 ./FreeRTOS/list.o
 .ARM.attributes
                0x0000008a       0x34 ./FreeRTOS/queue.o
 .ARM.attributes
                0x000000be       0x34 ./FreeRTOS/tasks.o
 .ARM.attributes
                0x000000f2       0x34 ./FreeRTOS/portable/GCC/ARM_CM4F/port.o
 .ARM.attributes
                0x00000126       0x34 ./FreeRTOS/portable/MemMang/heap_4.o
 .ARM.attributes
                0x0000015a       0x34 ./Src/adc.o
 .ARM.attributes
                0x0000018e       0x34 ./Src/app_tasks.o
 .ARM.attributes
                0x000001c2       0x34 ./Src/i2c.o
 .ARM.attributes
                0x000001f6       0x34 ./Src/interrupt.o
 .ARM.attributes
                0x0000022a       0x34 ./Src/irq_handlers.o
 .ARM.attributes
                0x0000025e       0x34 ./Src/main.o
 .ARM.attributes
                0x00000292       0x34 ./Src/timer.o
 .ARM.attributes
                0x000002c6       0x34 ./Src/uart.o
 .ARM.attributes
                0x000002fa       0x21 ./Startup/startup_stm32l433rctxp.o
 .ARM.attributes
                0x0000031b       0x34 C:/ST/STM32CubeIDE_1.18.1/STM32CubeIDE/plugins/com.st.stm32cube.ide.mcu.externaltools.gnu-tools-for-stm32.13.3.rel1.win32_1.0.0.202411081344/tools/bin/../lib/gcc/arm-none-eabi/13.3.1/../../../../arm-none-eabi/lib/thumb/v7e-m+fp/hard\libc_nano.a(libc_a-memset.o)
 .ARM.attributes
                0x0000034f       0x34 C:/ST/STM32CubeIDE_1.18.1/STM32CubeIDE/plugins/com.st.stm32cube.ide.mcu.externaltools.gnu-tools-for-stm32.13.3.rel1.win32_1.0.0.202411081344/tools/bin/../lib/gcc/arm-none-eabi/13.3.1/../../../../arm-none-eabi/lib/thumb/v7e-m+fp/hard\libc_nano.a(libc_a-init.o)
 .ARM.attributes
                0x00000383       0x34 C:/ST/STM32CubeIDE_1.18.1/STM32CubeIDE/plugins/com.st.stm32cube.ide.mcu.externaltools.gnu-tools-for-stm32.13.3.rel1.win32_1.0.0.202411081344/tools/bin/../lib/gcc/arm-none-eabi/13.3.1/../../../../arm-none-eabi/lib/thumb/v7e-m+fp/hard\libc_nano.a(libc_a-memcpy-stub.o)
 .ARM.attributes
                0x000003b7       0x22 C:/ST/STM32CubeIDE_1.18.1/STM32CubeIDE/plugins/com.st.stm32cube.ide.mcu.externaltools.gnu-tools-for-stm32.13.3.rel1.win32_1.0.0.202411081344/tools/bin/../lib/gcc/arm-none-eabi/13.3.1/thumb/v7e-m+fp/hard/crtn.o
OUTPUT(RTOS_STM32L4.elf elf32-littlearm)
LOAD linker stubs
LOAD C:/ST/STM32CubeIDE_1.18.1/STM32CubeIDE/plugins/com.st.stm32cube.ide.mcu.externaltools.gnu-tools-for-stm32.13.3.rel1.win32_1.0.0.202411081344/tools/bin/../lib/gcc/arm-none-eabi/13.3.1/../../../../arm-none-eabi/lib/thumb/v7e-m+fp/hard\libc.a
LOAD C:/ST/STM32CubeIDE_1.18.1/STM32CubeIDE/plugins/com.st.stm32cube.ide.mcu.externaltools.gnu-tools-for-stm32.13.3.rel1.win32_1.0.0.202411081344/tools/bin/../lib/gcc/arm-none-eabi/13.3.1/../../../../arm-none-eabi/lib/thumb/v7e-m+fp/hard\libm.a
LOAD C:/ST/STM32CubeIDE_1.18.1/STM32CubeIDE/plugins/com.st.stm32cube.ide.mcu.externaltools.gnu-tools-for-stm32.13.3.rel1.win32_1.0.0.202411081344/tools/bin/../lib/gcc/arm-none-eabi/13.3.1/thumb/v7e-m+fp/hard\libgcc.a

.debug_info     0x00000000     0x5a51
 .debug_info    0x00000000      0x2aa ./FreeRTOS/list.o
 .debug_info    0x000002aa      0xf73 ./FreeRTOS/queue.o
 .debug_info    0x0000121d     0x1650 ./FreeRTOS/tasks.o
 .debug_info    0x0000286d      0x329 ./FreeRTOS/portable/GCC/ARM_CM4F/port.o
 .debug_info    0x00002b96      0x4bc ./FreeRTOS/portable/MemMang/heap_4.o
 .debug_info    0x00003052      0x573 ./Src/adc.o
 .debug_info    0x000035c5      0x3b3 ./Src/app_tasks.o
 .debug_info    0x00003978      0x46b ./Src/i2c.o
 .debug_info    0x00003de3      0xc10 ./Src/interrupt.o
 .debug_info    0x000049f3      0x1de ./Src/irq_handlers.o
 .debug_info    0x00004bd1      0x52e ./Src/main.o
 .debug_info    0x000050ff      0x3f8 ./Src/timer.o
 .debug_info    0x000054f7      0x52a ./Src/uart.o
 .debug_info    0x00005a21       0x30 ./Startup/startup_stm32l433rctxp.o

.debug_abbrev   0x00000000     0x15af
 .debug_abbrev  0x00000000       0xee ./FreeRTOS/list.o
 .debug_abbrev  0x000000ee      0x2a3 ./FreeRTOS/queue.o
 .debug_abbrev  0x00000391      0x35b ./FreeRTOS/tasks.o
 .debug_abbrev  0x000006ec      0x220 ./FreeRTOS/portable/GCC/ARM_CM4F/port.o
 .debug_abbrev  0x0000090c      0x1f5 ./FreeRTOS/portable/MemMang/heap_4.o
 .debug_abbrev  0x00000b01      0x136 ./Src/adc.o
 .debug_abbrev  0x00000c37      0x1fc ./Src/app_tasks.o
 .debug_abbrev  0x00000e33      0x130 ./Src/i2c.o
 .debug_abbrev  0x00000f63      0x196 ./Src/interrupt.o
 .debug_abbrev  0x000010f9       0xf9 ./Src/irq_handlers.o
 .debug_abbrev  0x000011f2      0x16a ./Src/main.o
 .debug_abbrev  0x0000135c       0xcd ./Src/timer.o
 .debug_abbrev  0x00001429      0x162 ./Src/uart.o
 .debug_abbrev  0x0000158b       0x24 ./Startup/startup_stm32l433rctxp.o

.debug_aranges  0x00000000      0x500
 .debug_aranges
                0x00000000       0x40 ./FreeRTOS/list.o
 .debug_aranges
                0x00000040       0xd8 ./FreeRTOS/queue.o
 .debug_aranges
                0x00000118      0x160 ./FreeRTOS/tasks.o
 .debug_aranges
                0x00000278       0x78 ./FreeRTOS/portable/GCC/ARM_CM4F/port.o
 .debug_aranges
                0x000002f0       0x70 ./FreeRTOS/portable/MemMang/heap_4.o
 .debug_aranges
                0x00000360       0x30 ./Src/adc.o
 .debug_aranges
                0x00000390       0x38 ./Src/app_tasks.o
 .debug_aranges
                0x000003c8       0x30 ./Src/i2c.o
 .debug_aranges
                0x000003f8       0x38 ./Src/interrupt.o
 .debug_aranges
                0x00000430       0x20 ./Src/irq_handlers.o
 .debug_aranges
                0x00000450       0x28 ./Src/main.o
 .debug_aranges
                0x00000478       0x28 ./Src/timer.o
 .debug_aranges
                0x000004a0       0x38 ./Src/uart.o
 .debug_aranges
                0x000004d8       0x28 ./Startup/startup_stm32l433rctxp.o

.debug_rnglists
                0x00000000      0x39f
 .debug_rnglists
                0x00000000       0x2b ./FreeRTOS/list.o
 .debug_rnglists
                0x0000002b       0xa7 ./FreeRTOS/queue.o
 .debug_rnglists
                0x000000d2      0x113 ./FreeRTOS/tasks.o
 .debug_rnglists
                0x000001e5       0x55 ./FreeRTOS/portable/GCC/ARM_CM4F/port.o
 .debug_rnglists
                0x0000023a       0x53 ./FreeRTOS/portable/MemMang/heap_4.o
 .debug_rnglists
                0x0000028d       0x20 ./Src/adc.o
 .debug_rnglists
                0x000002ad       0x25 ./Src/app_tasks.o
 .debug_rnglists
                0x000002d2       0x21 ./Src/i2c.o
 .debug_rnglists
                0x000002f3       0x26 ./Src/interrupt.o
 .debug_rnglists
                0x00000319       0x13 ./Src/irq_handlers.o
 .debug_rnglists
                0x0000032c       0x1a ./Src/main.o
 .debug_rnglists
                0x00000346       0x19 ./Src/timer.o
 .debug_rnglists
                0x0000035f       0x27 ./Src/uart.o
 .debug_rnglists
                0x00000386       0x19 ./Startup/startup_stm32l433rctxp.o

.debug_macro    0x00000000    0x1bc24
 .debug_macro   0x00000000      0x1a2 ./FreeRTOS/list.o
 .debug_macro   0x000001a2      0xaea ./FreeRTOS/list.o
 .debug_macro   0x00000c8c       0x2a ./FreeRTOS/list.o
 .debug_macro   0x00000cb6       0x22 ./FreeRTOS/list.o
 .debug_macro   0x00000cd8       0x5b ./FreeRTOS/list.o
 .debug_macro   0x00000d33       0x94 ./FreeRTOS/list.o
 .debug_macro   0x00000dc7       0x43 ./FreeRTOS/list.o
 .debug_macro   0x00000e0a       0x34 ./FreeRTOS/list.o
 .debug_macro   0x00000e3e       0x16 ./FreeRTOS/list.o
 .debug_macro   0x00000e54      0x11c ./FreeRTOS/list.o
 .debug_macro   0x00000f70       0x9b ./FreeRTOS/list.o
 .debug_macro   0x0000100b       0x57 ./FreeRTOS/list.o
 .debug_macro   0x00001062      0x370 ./FreeRTOS/list.o
 .debug_macro   0x000013d2       0x16 ./FreeRTOS/list.o
 .debug_macro   0x000013e8       0x4a ./FreeRTOS/list.o
 .debug_macro   0x00001432       0x34 ./FreeRTOS/list.o
 .debug_macro   0x00001466       0x10 ./FreeRTOS/list.o
 .debug_macro   0x00001476       0x58 ./FreeRTOS/list.o
 .debug_macro   0x000014ce       0x8e ./FreeRTOS/list.o
 .debug_macro   0x0000155c       0x1c ./FreeRTOS/list.o
 .debug_macro   0x00001578      0x185 ./FreeRTOS/list.o
 .debug_macro   0x000016fd       0x16 ./FreeRTOS/list.o
 .debug_macro   0x00001713       0x29 ./FreeRTOS/list.o
 .debug_macro   0x0000173c      0x103 ./FreeRTOS/list.o
 .debug_macro   0x0000183f       0x6a ./FreeRTOS/list.o
 .debug_macro   0x000018a9      0x1df ./FreeRTOS/list.o
 .debug_macro   0x00001a88       0x16 ./FreeRTOS/list.o
 .debug_macro   0x00001a9e       0x76 ./FreeRTOS/list.o
 .debug_macro   0x00001b14       0x34 ./FreeRTOS/list.o
 .debug_macro   0x00001b48      0x182 ./FreeRTOS/list.o
 .debug_macro   0x00001cca       0xe7 ./FreeRTOS/list.o
 .debug_macro   0x00001db1       0x3a ./FreeRTOS/list.o
 .debug_macro   0x00001deb       0x1f ./FreeRTOS/list.o
 .debug_macro   0x00001e0a       0x12 ./FreeRTOS/list.o
 .debug_macro   0x00001e1c     0x117c ./FreeRTOS/list.o
 .debug_macro   0x00002f98       0xc3 ./FreeRTOS/list.o
 .debug_macro   0x0000305b      0x239 ./FreeRTOS/queue.o
 .debug_macro   0x00003294       0x16 ./FreeRTOS/queue.o
 .debug_macro   0x000032aa       0x3c ./FreeRTOS/queue.o
 .debug_macro   0x000032e6       0x20 ./FreeRTOS/queue.o
 .debug_macro   0x00003306      0x161 ./FreeRTOS/queue.o
 .debug_macro   0x00003467       0x80 ./FreeRTOS/queue.o
 .debug_macro   0x000034e7      0x2c6 ./FreeRTOS/tasks.o
 .debug_macro   0x000037ad       0x98 ./FreeRTOS/tasks.o
 .debug_macro   0x00003845       0x17 ./FreeRTOS/tasks.o
 .debug_macro   0x0000385c      0x1cf ./FreeRTOS/portable/GCC/ARM_CM4F/port.o
 .debug_macro   0x00003a2b      0x190 ./FreeRTOS/portable/GCC/ARM_CM4F/port.o
 .debug_macro   0x00003bbb       0x8e ./FreeRTOS/portable/GCC/ARM_CM4F/port.o
 .debug_macro   0x00003c49       0x51 ./FreeRTOS/portable/GCC/ARM_CM4F/port.o
 .debug_macro   0x00003c9a      0x237 ./FreeRTOS/portable/MemMang/heap_4.o
 .debug_macro   0x00003ed1       0xd9 ./Src/adc.o
 .debug_macro   0x00003faa       0x28 ./Src/adc.o
 .debug_macro   0x00003fd2       0x1c ./Src/adc.o
 .debug_macro   0x00003fee       0x22 ./Src/adc.o
 .debug_macro   0x00004010       0xfb ./Src/adc.o
 .debug_macro   0x0000410b     0x1011 ./Src/adc.o
 .debug_macro   0x0000511c      0x11f ./Src/adc.o
 .debug_macro   0x0000523b    0x16153 ./Src/adc.o
 .debug_macro   0x0001b38e      0x1ad ./Src/app_tasks.o
 .debug_macro   0x0001b53b       0x5b ./Src/app_tasks.o
 .debug_macro   0x0001b596       0xd5 ./Src/i2c.o
 .debug_macro   0x0001b66b       0xdb ./Src/interrupt.o
 .debug_macro   0x0001b746      0x175 ./Src/irq_handlers.o
 .debug_macro   0x0001b8bb      0x1ad ./Src/main.o
 .debug_macro   0x0001ba68       0xdb ./Src/timer.o
 .debug_macro   0x0001bb43       0xe1 ./Src/uart.o

.debug_line     0x00000000     0x6c47
 .debug_line    0x00000000      0x73b ./FreeRTOS/list.o
 .debug_line    0x0000073b      0xee2 ./FreeRTOS/queue.o
 .debug_line    0x0000161d     0x11e2 ./FreeRTOS/tasks.o
 .debug_line    0x000027ff      0x6c4 ./FreeRTOS/portable/GCC/ARM_CM4F/port.o
 .debug_line    0x00002ec3      0x9a1 ./FreeRTOS/portable/MemMang/heap_4.o
 .debug_line    0x00003864      0x60a ./Src/adc.o
 .debug_line    0x00003e6e      0x71b ./Src/app_tasks.o
 .debug_line    0x00004589      0x6bd ./Src/i2c.o
 .debug_line    0x00004c46      0x650 ./Src/interrupt.o
 .debug_line    0x00005296      0x658 ./Src/irq_handlers.o
 .debug_line    0x000058ee      0x6ba ./Src/main.o
 .debug_line    0x00005fa8      0x5d1 ./Src/timer.o
 .debug_line    0x00006579      0x653 ./Src/uart.o
 .debug_line    0x00006bcc       0x7b ./Startup/startup_stm32l433rctxp.o

.debug_str      0x00000000    0x97abd
 .debug_str     0x00000000    0x97abd ./FreeRTOS/list.o
                              0x10b7a (size before relaxing)
 .debug_str     0x00097abd    0x131fb ./FreeRTOS/queue.o
 .debug_str     0x00097abd    0x13ec5 ./FreeRTOS/tasks.o
 .debug_str     0x00097abd     0xf589 ./FreeRTOS/portable/GCC/ARM_CM4F/port.o
 .debug_str     0x00097abd    0x12761 ./FreeRTOS/portable/MemMang/heap_4.o
 .debug_str     0x00097abd    0x84fe5 ./Src/adc.o
 .debug_str     0x00097abd    0x90a8c ./Src/app_tasks.o
 .debug_str     0x00097abd    0x84f8e ./Src/i2c.o
 .debug_str     0x00097abd    0x8551f ./Src/interrupt.o
 .debug_str     0x00097abd    0x909a3 ./Src/irq_handlers.o
 .debug_str     0x00097abd    0x90bfe ./Src/main.o
 .debug_str     0x00097abd    0x84f5b ./Src/timer.o
 .debug_str     0x00097abd    0x84f9b ./Src/uart.o
 .debug_str     0x00097abd       0x87 ./Startup/startup_stm32l433rctxp.o

.comment        0x00000000       0x43
 .comment       0x00000000       0x43 ./FreeRTOS/list.o
                                 0x44 (size before relaxing)
 .comment       0x00000043       0x44 ./FreeRTOS/queue.o
 .comment       0x00000043       0x44 ./FreeRTOS/tasks.o
 .comment       0x00000043       0x44 ./FreeRTOS/portable/GCC/ARM_CM4F/port.o
 .comment       0x00000043       0x44 ./FreeRTOS/portable/MemMang/heap_4.o
 .comment       0x00000043       0x44 ./Src/adc.o
 .comment       0x00000043       0x44 ./Src/app_tasks.o
 .comment       0x00000043       0x44 ./Src/i2c.o
 .comment       0x00000043       0x44 ./Src/interrupt.o
 .comment       0x00000043       0x44 ./Src/irq_handlers.o
 .comment       0x00000043       0x44 ./Src/main.o
 .comment       0x00000043       0x44 ./Src/timer.o
 .comment       0x00000043       0x44 ./Src/uart.o

.debug_frame    0x00000000     0x1160
 .debug_frame   0x00000000       0xd8 ./FreeRTOS/list.o
 .debug_frame   0x000000d8      0x384 ./FreeRTOS/queue.o
 .debug_frame   0x0000045c      0x5f4 ./FreeRTOS/tasks.o
 .debug_frame   0x00000a50      0x178 ./FreeRTOS/portable/GCC/ARM_CM4F/port.o
 .debug_frame   0x00000bc8      0x190 ./FreeRTOS/portable/MemMang/heap_4.o
 .debug_frame   0x00000d58       0x68 ./Src/adc.o
 .debug_frame   0x00000dc0       0x90 ./Src/app_tasks.o
 .debug_frame   0x00000e50       0x80 ./Src/i2c.o
 .debug_frame   0x00000ed0       0xa0 ./Src/interrupt.o
 .debug_frame   0x00000f70       0x34 ./Src/irq_handlers.o
 .debug_frame   0x00000fa4       0x50 ./Src/main.o
 .debug_frame   0x00000ff4       0x58 ./Src/timer.o
 .debug_frame   0x0000104c       0xa0 ./Src/uart.o
 .debug_frame   0x000010ec       0x20 C:/ST/STM32CubeIDE_1.18.1/STM32CubeIDE/plugins/com.st.stm32cube.ide.mcu.externaltools.gnu-tools-for-stm32.13.3.rel1.win32_1.0.0.202411081344/tools/bin/../lib/gcc/arm-none-eabi/13.3.1/../../../../arm-none-eabi/lib/thumb/v7e-m+fp/hard\libc_nano.a(libc_a-memset.o)
 .debug_frame   0x0000110c       0x2c C:/ST/STM32CubeIDE_1.18.1/STM32CubeIDE/plugins/com.st.stm32cube.ide.mcu.externaltools.gnu-tools-for-stm32.13.3.rel1.win32_1.0.0.202411081344/tools/bin/../lib/gcc/arm-none-eabi/13.3.1/../../../../arm-none-eabi/lib/thumb/v7e-m+fp/hard\libc_nano.a(libc_a-init.o)
 .debug_frame   0x00001138       0x28 C:/ST/STM32CubeIDE_1.18.1/STM32CubeIDE/plugins/com.st.stm32cube.ide.mcu.externaltools.gnu-tools-for-stm32.13.3.rel1.win32_1.0.0.202411081344/tools/bin/../lib/gcc/arm-none-eabi/13.3.1/../../../../arm-none-eabi/lib/thumb/v7e-m+fp/hard\libc_nano.a(libc_a-memcpy-stub.o)

.debug_line_str
                0x00000000       0x6b
 .debug_line_str
                0x00000000       0x6b ./Startup/startup_stm32l433rctxp.o
