Archive member included to satisfy reference by file (symbol)

C:/ST/STM32CubeIDE_1.18.1/STM32CubeIDE/plugins/com.st.stm32cube.ide.mcu.externaltools.gnu-tools-for-stm32.13.3.rel1.win32_1.0.0.202411081344/tools/bin/../lib/gcc/arm-none-eabi/13.3.1/../../../../arm-none-eabi/lib/thumb/v7e-m+fp/hard\libc_nano.a(libc_a-exit.o)
                              C:/ST/STM32CubeIDE_1.18.1/STM32CubeIDE/plugins/com.st.stm32cube.ide.mcu.externaltools.gnu-tools-for-stm32.13.3.rel1.win32_1.0.0.202411081344/tools/bin/../lib/gcc/arm-none-eabi/13.3.1/../../../../arm-none-eabi/lib/thumb/v7e-m+fp/hard/crt0.o (exit)
C:/ST/STM32CubeIDE_1.18.1/STM32CubeIDE/plugins/com.st.stm32cube.ide.mcu.externaltools.gnu-tools-for-stm32.13.3.rel1.win32_1.0.0.202411081344/tools/bin/../lib/gcc/arm-none-eabi/13.3.1/../../../../arm-none-eabi/lib/thumb/v7e-m+fp/hard\libc_nano.a(libc_a-findfp.o)
                              C:/ST/STM32CubeIDE_1.18.1/STM32CubeIDE/plugins/com.st.stm32cube.ide.mcu.externaltools.gnu-tools-for-stm32.13.3.rel1.win32_1.0.0.202411081344/tools/bin/../lib/gcc/arm-none-eabi/13.3.1/../../../../arm-none-eabi/lib/thumb/v7e-m+fp/hard\libc_nano.a(libc_a-exit.o) (__stdio_exit_handler)
C:/ST/STM32CubeIDE_1.18.1/STM32CubeIDE/plugins/com.st.stm32cube.ide.mcu.externaltools.gnu-tools-for-stm32.13.3.rel1.win32_1.0.0.202411081344/tools/bin/../lib/gcc/arm-none-eabi/13.3.1/../../../../arm-none-eabi/lib/thumb/v7e-m+fp/hard\libc_nano.a(libc_a-fwalk.o)
                              C:/ST/STM32CubeIDE_1.18.1/STM32CubeIDE/plugins/com.st.stm32cube.ide.mcu.externaltools.gnu-tools-for-stm32.13.3.rel1.win32_1.0.0.202411081344/tools/bin/../lib/gcc/arm-none-eabi/13.3.1/../../../../arm-none-eabi/lib/thumb/v7e-m+fp/hard\libc_nano.a(libc_a-findfp.o) (_fwalk_sglue)
C:/ST/STM32CubeIDE_1.18.1/STM32CubeIDE/plugins/com.st.stm32cube.ide.mcu.externaltools.gnu-tools-for-stm32.13.3.rel1.win32_1.0.0.202411081344/tools/bin/../lib/gcc/arm-none-eabi/13.3.1/../../../../arm-none-eabi/lib/thumb/v7e-m+fp/hard\libc_nano.a(libc_a-stdio.o)
                              C:/ST/STM32CubeIDE_1.18.1/STM32CubeIDE/plugins/com.st.stm32cube.ide.mcu.externaltools.gnu-tools-for-stm32.13.3.rel1.win32_1.0.0.202411081344/tools/bin/../lib/gcc/arm-none-eabi/13.3.1/../../../../arm-none-eabi/lib/thumb/v7e-m+fp/hard\libc_nano.a(libc_a-findfp.o) (__sread)
C:/ST/STM32CubeIDE_1.18.1/STM32CubeIDE/plugins/com.st.stm32cube.ide.mcu.externaltools.gnu-tools-for-stm32.13.3.rel1.win32_1.0.0.202411081344/tools/bin/../lib/gcc/arm-none-eabi/13.3.1/../../../../arm-none-eabi/lib/thumb/v7e-m+fp/hard\libc_nano.a(libc_a-memset.o)
                              C:/ST/STM32CubeIDE_1.18.1/STM32CubeIDE/plugins/com.st.stm32cube.ide.mcu.externaltools.gnu-tools-for-stm32.13.3.rel1.win32_1.0.0.202411081344/tools/bin/../lib/gcc/arm-none-eabi/13.3.1/../../../../arm-none-eabi/lib/thumb/v7e-m+fp/hard/crt0.o (memset)
C:/ST/STM32CubeIDE_1.18.1/STM32CubeIDE/plugins/com.st.stm32cube.ide.mcu.externaltools.gnu-tools-for-stm32.13.3.rel1.win32_1.0.0.202411081344/tools/bin/../lib/gcc/arm-none-eabi/13.3.1/../../../../arm-none-eabi/lib/thumb/v7e-m+fp/hard\libc_nano.a(libc_a-closer.o)
                              C:/ST/STM32CubeIDE_1.18.1/STM32CubeIDE/plugins/com.st.stm32cube.ide.mcu.externaltools.gnu-tools-for-stm32.13.3.rel1.win32_1.0.0.202411081344/tools/bin/../lib/gcc/arm-none-eabi/13.3.1/../../../../arm-none-eabi/lib/thumb/v7e-m+fp/hard\libc_nano.a(libc_a-stdio.o) (_close_r)
C:/ST/STM32CubeIDE_1.18.1/STM32CubeIDE/plugins/com.st.stm32cube.ide.mcu.externaltools.gnu-tools-for-stm32.13.3.rel1.win32_1.0.0.202411081344/tools/bin/../lib/gcc/arm-none-eabi/13.3.1/../../../../arm-none-eabi/lib/thumb/v7e-m+fp/hard\libc_nano.a(libc_a-reent.o)
                              C:/ST/STM32CubeIDE_1.18.1/STM32CubeIDE/plugins/com.st.stm32cube.ide.mcu.externaltools.gnu-tools-for-stm32.13.3.rel1.win32_1.0.0.202411081344/tools/bin/../lib/gcc/arm-none-eabi/13.3.1/../../../../arm-none-eabi/lib/thumb/v7e-m+fp/hard\libc_nano.a(libc_a-closer.o) (errno)
C:/ST/STM32CubeIDE_1.18.1/STM32CubeIDE/plugins/com.st.stm32cube.ide.mcu.externaltools.gnu-tools-for-stm32.13.3.rel1.win32_1.0.0.202411081344/tools/bin/../lib/gcc/arm-none-eabi/13.3.1/../../../../arm-none-eabi/lib/thumb/v7e-m+fp/hard\libc_nano.a(libc_a-impure.o)
                              C:/ST/STM32CubeIDE_1.18.1/STM32CubeIDE/plugins/com.st.stm32cube.ide.mcu.externaltools.gnu-tools-for-stm32.13.3.rel1.win32_1.0.0.202411081344/tools/bin/../lib/gcc/arm-none-eabi/13.3.1/../../../../arm-none-eabi/lib/thumb/v7e-m+fp/hard\libc_nano.a(libc_a-reent.o) (_impure_ptr)
C:/ST/STM32CubeIDE_1.18.1/STM32CubeIDE/plugins/com.st.stm32cube.ide.mcu.externaltools.gnu-tools-for-stm32.13.3.rel1.win32_1.0.0.202411081344/tools/bin/../lib/gcc/arm-none-eabi/13.3.1/../../../../arm-none-eabi/lib/thumb/v7e-m+fp/hard\libc_nano.a(libc_a-lseekr.o)
[...]
Memory Configuration

Name             Origin             Length             Attributes
RAM              0x20000000         0x00010000         xrw
SRAM2            0x10000000         0x00004000         xrw
FLASH            0x08000000         0x00040000         xr
*default*        0x00000000         0xffffffff

Linker script and memory map

LOAD C:/ST/STM32CubeIDE_1.18.1/STM32CubeIDE/plugins/com.st.stm32cube.ide.mcu.externaltools.gnu-tools-for-stm32.13.3.rel1.win32_1.0.0.202411081344/tools/bin/../lib/gcc/arm-none-eabi/13.3.1/thumb/v7e-m+fp/hard/crti.o
LOAD C:/ST/STM32CubeIDE_1.18.1/STM32CubeIDE/plugins/com.st.stm32cube.ide.mcu.externaltools.gnu-tools-for-stm32.13.3.rel1.win32_1.0.0.202411081344/tools/bin/../lib/gcc/arm-none-eabi/13.3.1/thumb/v7e-m+fp/hard/crtbegin.o
LOAD C:/ST/STM32CubeIDE_1.18.1/STM32CubeIDE/plugins/com.st.stm32cube.ide.mcu.externaltools.gnu-tools-for-stm32.13.3.rel1.win32_1.0.0.202411081344/tools/bin/../lib/gcc/arm-none-eabi/13.3.1/../../../../arm-none-eabi/lib/thumb/v7e-m+fp/hard/crt0.o
LOAD ./Src/dma.o
LOAD ./Src/gnss.o
LOAD ./Src/i2c.o
LOAD ./Src/interrupt.o
LOAD ./Src/main.o
LOAD ./Src/syscalls.o
LOAD ./Src/sysmem.o
LOAD ./Src/timer.o
LOAD ./Src/uart.o
LOAD ./Startup/startup_stm32l433rctxp.o
START GROUP
LOAD C:/ST/STM32CubeIDE_1.18.1/STM32CubeIDE/plugins/com.st.stm32cube.ide.mcu.externaltools.gnu-tools-for-stm32.13.3.rel1.win32_1.0.0.202411081344/tools/bin/../lib/gcc/arm-none-eabi/13.3.1/../../../../arm-none-eabi/lib/thumb/v7e-m+fp/hard\libc_nano.a
LOAD C:/ST/STM32CubeIDE_1.18.1/STM32CubeIDE/plugins/com.st.stm32cube.ide.mcu.externaltools.gnu-tools-for-stm32.13.3.rel1.win32_1.0.0.202411081344/tools/bin/../lib/gcc/arm-none-eabi/13.3.1/../../../../arm-none-eabi/lib/thumb/v7e-m+fp/hard\libm.a
END GROUP
START GROUP
LOAD C:/ST/STM32CubeIDE_1.18.1/STM32CubeIDE/plugins/com.st.stm32cube.ide.mcu.externaltools.gnu-tools-for-stm32.13.3.rel1.win32_1.0.0.202411081344/tools/bin/../lib/gcc/arm-none-eabi/13.3.1/thumb/v7e-m+fp/hard\libgcc.a
LOAD C:/ST/STM32CubeIDE_1.18.1/STM32CubeIDE/plugins/com.st.stm32cube.ide.mcu.externaltools.gnu-tools-for-stm32.13.3.rel1.win32_1.0.0.202411081344/tools/bin/../lib/gcc/arm-none-eabi/13.3.1/../../../../arm-none-eabi/lib/thumb/v7e-m+fp/hard\libc_nano.a
END GROUP
START GROUP
LOAD C:/ST/STM32CubeIDE_1.18.1/STM32CubeIDE/plugins/com.st.stm32cube.ide.mcu.externaltools.gnu-tools-for-stm32.13.3.rel1.win32_1.0.0.202411081344/tools/bin/../lib/gcc/arm-none-eabi/13.3.1/thumb/v7e-m+fp/hard\libgcc.a
LOAD C:/ST/STM32CubeIDE_1.18.1/STM32CubeIDE/plugins/com.st.stm32cube.ide.mcu.externaltools.gnu-tools-for-stm32.13.3.rel1.win32_1.0.0.202411081344/tools/bin/../lib/gcc/arm-none-eabi/13.3.1/../../../../arm-none-eabi/lib/thumb/v7e-m+fp/hard\libc_nano.a
LOAD C:/ST/STM32CubeIDE_1.18.1/STM32CubeIDE/plugins/com.st.stm32cube.ide.mcu.externaltools.gnu-tools-for-stm32.13.3.rel1.win32_1.0.0.202411081344/tools/bin/../lib/gcc/arm-none-eabi/13.3.1/../../../../arm-none-eabi/lib/thumb/v7e-m+fp/hard\libnosys.a
END GROUP
START GROUP
LOAD C:/ST/STM32CubeIDE_1.18.1/STM32CubeIDE/plugins/com.st.stm32cube.ide.mcu.externaltools.gnu-tools-for-stm32.13.3.rel1.win32_1.0.0.202411081344/tools/bin/../lib/gcc/arm-none-eabi/13.3.1/thumb/v7e-m+fp/hard\libgcc.a
LOAD C:/ST/STM32CubeIDE_1.18.1/STM32CubeIDE/plugins/com.st.stm32cube.ide.mcu.externaltools.gnu-tools-for-stm32.13.3.rel1.win32_1.0.0.202411081344/tools/bin/../lib/gcc/arm-none-eabi/13.3.1/../../../../arm-none-eabi/lib/thumb/v7e-m+fp/hard\libc_nano.a
LOAD C:/ST/STM32CubeIDE_1.18.1/STM32CubeIDE/plugins/com.st.stm32cube.ide.mcu.externaltools.gnu-tools-for-stm32.13.3.rel1.win32_1.0.0.202411081344/tools/bin/../lib/gcc/arm-none-eabi/13.3.1/../../../../arm-none-eabi/lib/thumb/v7e-m+fp/hard\libnosys.a
END GROUP
LOAD C:/ST/STM32CubeIDE_1.18.1/STM32CubeIDE/plugins/com.st.stm32cube.ide.mcu.externaltools.gnu-tools-for-stm32.13.3.rel1.win32_1.0.0.202411081344/tools/bin/../lib/gcc/arm-none-eabi/13.3.1/thumb/v7e-m+fp/hard/crtend.o
LOAD C:/ST/STM32CubeIDE_1.18.1/STM32CubeIDE/plugins/com.st.stm32cube.ide.mcu.externaltools.gnu-tools-for-stm32.13.3.rel1.win32_1.0.0.202411081344/tools/bin/../lib/gcc/arm-none-eabi/13.3.1/thumb/v7e-m+fp/hard/crtn.o
                0x20010000                        _estack = (ORIGIN (RAM) + LENGTH (RAM))
                0x00000200                        _Min_Heap_Size = 0x200
                0x00000400                        _Min_Stack_Size = 0x400

.isr_vector     0x08000000      0x184
                0x08000000                        . = ALIGN (0x4)
 *(.isr_vector)
 .isr_vector    0x08000000      0x184 ./Startup/startup_stm32l433rctxp.o
                0x08000000                g_pfnVectors
                0x08000184                        . = ALIGN (0x4)

.text           0x08000184      0x588
                0x08000184                        . = ALIGN (0x4)
 *(.text)
 .text          0x08000184       0x40 C:/ST/STM32CubeIDE_1.18.1/STM32CubeIDE/plugins/com.st.stm32cube.ide.mcu.externaltools.gnu-tools-for-stm32.13.3.rel1.win32_1.0.0.202411081344/tools/bin/../lib/gcc/arm-none-eabi/13.3.1/thumb/v7e-m+fp/hard/crtbegin.o
 *(.text*)
 .text.dma_gps_receive
                0x080001c4       0x70 ./Src/dma.o
                0x080001c4                dma_gps_receive
 .text.DMA1_Channel7_IRQHandler
                0x08000234       0x2c ./Src/dma.o
                0x08000234                DMA1_Channel7_IRQHandler
 .text.__NVIC_EnableIRQ
                0x08000260       0x3c ./Src/interrupt.o
 .text.dma_receive_intr
                0x0800029c        0xe ./Src/interrupt.o
                0x0800029c                dma_receive_intr
 *fill*         0x080002aa        0x2 
 .text.main     0x080002ac       0xbc ./Src/main.o
                0x080002ac                main
 .text.DMA1_Channel3_IRQHandler
                0x08000368       0x34 ./Src/main.o
                0x08000368                DMA1_Channel3_IRQHandler
 .text.DMA1_Channel2_IRQHandler
                0x0800039c       0x2c ./Src/main.o
                0x0800039c                DMA1_Channel2_IRQHandler
 .text.SetClock_16MHz
                0x080003c8       0x60 ./Src/timer.o
                0x080003c8                SetClock_16MHz
 .text.delay    0x08000428       0x74 ./Src/timer.o
                0x08000428                delay
 .text.uart_init
                0x0800049c      0x108 ./Src/uart.o
                0x0800049c                uart_init
 .text.uart_write
                0x080005a4       0x40 ./Src/uart.o
                0x080005a4                uart_write
 .text.disable_gnss
                0x080005e4       0x4c ./Src/uart.o
                0x080005e4                disable_gnss
 .text.set_baud
                0x08000630       0x28 ./Src/uart.o
 .text.Reset_Handler
                0x08000658       0x50 ./Startup/startup_stm32l433rctxp.o
                0x08000658                Reset_Handler
 .text.Default_Handler
                0x080006a8        0x2 ./Startup/startup_stm32l433rctxp.o
                0x080006a8                EXTI2_IRQHandler
                0x080006a8                DebugMon_Handler
                0x080006a8                TIM1_CC_IRQHandler
                0x080006a8                TSC_IRQHandler
                0x080006a8                HardFault_Handler
                0x080006a8                SysTick_Handler
                0x080006a8                PVD_IRQHandler
                0x080006a8                TAMP_STAMP_IRQHandler
                0x080006a8                PendSV_Handler
                0x080006a8                NMI_Handler
                0x080006a8                EXTI3_IRQHandler
                0x080006a8                LPTIM2_IRQHandler
                0x080006a8                USB_FS_IRQHandler
                0x080006a8                I2C3_ER_IRQHandler
                0x080006a8                EXTI0_IRQHandler
                0x080006a8                I2C2_EV_IRQHandler
                0x080006a8                CAN1_RX0_IRQHandler
                0x080006a8                UsageFault_Handler
                0x080006a8                SPI1_IRQHandler
                0x080006a8                TIM6_DAC_IRQHandler
                0x080006a8                SDMMC_IRQHandler
                0x080006a8                RTC_ALARM_IRQHandler
                0x080006a8                DMA2_Channel2_IRQHandler
                0x080006a8                DMA1_Channel4_IRQHandler
                0x080006a8                ADC1_IRQHandler
                0x080006a8                USART3_IRQHandler
                0x080006a8                CAN1_RX1_IRQHandler
                0x080006a8                LCD_IRQHandler
                0x080006a8                ADC3_IRQHandler
                0x080006a8                DMA2_Channel1_IRQHandler
                0x080006a8                I2C1_EV_IRQHandler
                0x080006a8                DMA1_Channel6_IRQHandler
                0x080006a8                TIM16_IRQHandler
                0x080006a8                DMA2_Channel4_IRQHandler
                0x080006a8                RCC_IRQHandler
                0x080006a8                DMA1_Channel1_IRQHandler
                0x080006a8                Default_Handler
                0x080006a8                DMA2_Channel7_IRQHandler
                0x080006a8                EXTI15_10_IRQHandler
                0x080006a8                TIM7_IRQHandler
                0x080006a8                TIM15_IRQHandler
                0x080006a8                I2C3_EV_IRQHandler
                0x080006a8                EXTI9_5_IRQHandler
                0x080006a8                RTC_WKUP_IRQHandler
                0x080006a8                SPI2_IRQHandler
                0x080006a8                MemManage_Handler
                0x080006a8                CAN1_TX_IRQHandler
                0x080006a8                SVC_Handler
                0x080006a8                DMA2_Channel5_IRQHandler
                0x080006a8                CRS_IRQHandler
                0x080006a8                DMA1_Channel5_IRQHandler
                0x080006a8                EXTI4_IRQHandler
                0x080006a8                RNG_IRQHandler
                0x080006a8                COMP_IRQHandler
                0x080006a8                WWDG_IRQHandler
                0x080006a8                DMA2_Channel6_IRQHandler
                0x080006a8                TIM2_IRQHandler
                0x080006a8                EXTI1_IRQHandler
                0x080006a8                USART2_IRQHandler
                0x080006a8                I2C2_ER_IRQHandler
                0x080006a8                CAN1_SCE_IRQHandler
                0x080006a8                FLASH_IRQHandler
                0x080006a8                BusFault_Handler
                0x080006a8                USART1_IRQHandler
                0x080006a8                SPI3_IRQHandler
                0x080006a8                I2C1_ER_IRQHandler
                0x080006a8                SWPMI1_IRQHandler
                0x080006a8                LPTIM1_IRQHandler
                0x080006a8                SAI1_IRQHandler
                0x080006a8                DMA2_Channel3_IRQHandler
 *fill*         0x080006aa        0x2 
 .text.__libc_init_array
                0x080006ac       0x48 C:/ST/STM32CubeIDE_1.18.1/STM32CubeIDE/plugins/com.st.stm32cube.ide.mcu.externaltools.gnu-tools-for-stm32.13.3.rel1.win32_1.0.0.202411081344/tools/bin/../lib/gcc/arm-none-eabi/13.3.1/../../../../arm-none-eabi/lib/thumb/v7e-m+fp/hard\libc_nano.a(libc_a-init.o)
                0x080006ac                __libc_init_array
 *(.glue_7)
 .glue_7        0x080006f4        0x0 linker stubs
 *(.glue_7t)
 .glue_7t       0x080006f4        0x0 linker stubs
 *(.eh_frame)
 .eh_frame      0x080006f4        0x0 C:/ST/STM32CubeIDE_1.18.1/STM32CubeIDE/plugins/com.st.stm32cube.ide.mcu.externaltools.gnu-tools-for-stm32.13.3.rel1.win32_1.0.0.202411081344/tools/bin/../lib/gcc/arm-none-eabi/13.3.1/thumb/v7e-m+fp/hard/crtbegin.o
 *(.init)
 .init          0x080006f4        0x4 C:/ST/STM32CubeIDE_1.18.1/STM32CubeIDE/plugins/com.st.stm32cube.ide.mcu.externaltools.gnu-tools-for-stm32.13.3.rel1.win32_1.0.0.202411081344/tools/bin/../lib/gcc/arm-none-eabi/13.3.1/thumb/v7e-m+fp/hard/crti.o
                0x080006f4                _init
 .init          0x080006f8        0x8 C:/ST/STM32CubeIDE_1.18.1/STM32CubeIDE/plugins/com.st.stm32cube.ide.mcu.externaltools.gnu-tools-for-stm32.13.3.rel1.win32_1.0.0.202411081344/tools/bin/../lib/gcc/arm-none-eabi/13.3.1/thumb/v7e-m+fp/hard/crtn.o
 *(.fini)
 .fini          0x08000700        0x4 C:/ST/STM32CubeIDE_1.18.1/STM32CubeIDE/plugins/com.st.stm32cube.ide.mcu.externaltools.gnu-tools-for-stm32.13.3.rel1.win32_1.0.0.202411081344/tools/bin/../lib/gcc/arm-none-eabi/13.3.1/thumb/v7e-m+fp/hard/crti.o
                0x08000700                _fini
 .fini          0x08000704        0x8 C:/ST/STM32CubeIDE_1.18.1/STM32CubeIDE/plugins/com.st.stm32cube.ide.mcu.externaltools.gnu-tools-for-stm32.13.3.rel1.win32_1.0.0.202411081344/tools/bin/../lib/gcc/arm-none-eabi/13.3.1/thumb/v7e-m+fp/hard/crtn.o
                0x0800070c                        . = ALIGN (0x4)
                0x0800070c                        _etext = .

.vfp11_veneer   0x0800070c        0x0
 .vfp11_veneer  0x0800070c        0x0 linker stubs

.v4_bx          0x0800070c        0x0
 .v4_bx         0x0800070c        0x0 linker stubs

.iplt           0x0800070c        0x0
 .iplt          0x0800070c        0x0 C:/ST/STM32CubeIDE_1.18.1/STM32CubeIDE/plugins/com.st.stm32cube.ide.mcu.externaltools.gnu-tools-for-stm32.13.3.rel1.win32_1.0.0.202411081344/tools/bin/../lib/gcc/arm-none-eabi/13.3.1/thumb/v7e-m+fp/hard/crtbegin.o

.rodata         0x0800070c       0x10
                0x0800070c                        . = ALIGN (0x4)
 *(.rodata)
 .rodata        0x0800070c        0xf ./Src/main.o
 *(.rodata*)
                0x0800071c                        . = ALIGN (0x4)
 *fill*         0x0800071b        0x1 

.ARM.extab      0x0800071c        0x0
                0x0800071c                        . = ALIGN (0x4)
 *(.ARM.extab* .gnu.linkonce.armextab.*)
                0x0800071c                        . = ALIGN (0x4)

.ARM            0x0800071c        0x0
                0x0800071c                        . = ALIGN (0x4)
                0x0800071c                        __exidx_start = .
 *(.ARM.exidx*)
                0x0800071c                        __exidx_end = .
                0x0800071c                        . = ALIGN (0x4)

.preinit_array  0x0800071c        0x0
                0x0800071c                        . = ALIGN (0x4)
                0x0800071c                        PROVIDE (__preinit_array_start = .)
 *(.preinit_array*)
                0x0800071c                        PROVIDE (__preinit_array_end = .)
                0x0800071c                        . = ALIGN (0x4)

.init_array     0x0800071c        0x4
                0x0800071c                        . = ALIGN (0x4)
                0x0800071c                        PROVIDE (__init_array_start = .)
 *(SORT_BY_NAME(.init_array.*))
 *(.init_array*)
 .init_array    0x0800071c        0x4 C:/ST/STM32CubeIDE_1.18.1/STM32CubeIDE/plugins/com.st.stm32cube.ide.mcu.externaltools.gnu-tools-for-stm32.13.3.rel1.win32_1.0.0.202411081344/tools/bin/../lib/gcc/arm-none-eabi/13.3.1/thumb/v7e-m+fp/hard/crtbegin.o
                0x08000720                        PROVIDE (__init_array_end = .)
                0x08000720                        . = ALIGN (0x4)

.fini_array     0x08000720        0x4
                0x08000720                        . = ALIGN (0x4)
                [!provide]                        PROVIDE (__fini_array_start = .)
 *(SORT_BY_NAME(.fini_array.*))
 *(.fini_array*)
 .fini_array    0x08000720        0x4 C:/ST/STM32CubeIDE_1.18.1/STM32CubeIDE/plugins/com.st.stm32cube.ide.mcu.externaltools.gnu-tools-for-stm32.13.3.rel1.win32_1.0.0.202411081344/tools/bin/../lib/gcc/arm-none-eabi/13.3.1/thumb/v7e-m+fp/hard/crtbegin.o
                [!provide]                        PROVIDE (__fini_array_end = .)
                0x08000724                        . = ALIGN (0x4)
                0x08000724                        _sidata = LOADADDR (.data)

.rel.dyn        0x08000724        0x0
 .rel.iplt      0x08000724        0x0 C:/ST/STM32CubeIDE_1.18.1/STM32CubeIDE/plugins/com.st.stm32cube.ide.mcu.externaltools.gnu-tools-for-stm32.13.3.rel1.win32_1.0.0.202411081344/tools/bin/../lib/gcc/arm-none-eabi/13.3.1/thumb/v7e-m+fp/hard/crtbegin.o

.data           0x20000000       0x30 load address 0x08000724
                0x20000000                        . = ALIGN (0x4)
                0x20000000                        _sdata = .
 *(.data)
 *(.data*)
 .data.disable_gll
                0x20000000        0xb ./Src/main.o
                0x20000000                disable_gll
 *fill*         0x2000000b        0x1 
 .data.disable_gsa
                0x2000000c        0xb ./Src/main.o
                0x2000000c                disable_gsa
 *fill*         0x20000017        0x1 
 .data.disable_gsv
                0x20000018        0xb ./Src/main.o
                0x20000018                disable_gsv
 *fill*         0x20000023        0x1 
 .data.disable_vtg
                0x20000024        0xb ./Src/main.o
                0x20000024                disable_vtg
 *(.RamFunc)
 *(.RamFunc*)
                0x20000030                        . = ALIGN (0x4)
 *fill*         0x2000002f        0x1 
                0x20000030                        _edata = .
                0x08000754                        _sisram2 = LOADADDR (.sram2)

.igot.plt       0x20000030        0x0 load address 0x08000754
 .igot.plt      0x20000030        0x0 C:/ST/STM32CubeIDE_1.18.1/STM32CubeIDE/plugins/com.st.stm32cube.ide.mcu.externaltools.gnu-tools-for-stm32.13.3.rel1.win32_1.0.0.202411081344/tools/bin/../lib/gcc/arm-none-eabi/13.3.1/thumb/v7e-m+fp/hard/crtbegin.o

.sram2          0x10000000        0x0 load address 0x08000754
                0x10000000                        . = ALIGN (0x4)
                0x10000000                        _ssram2 = .
 *(.sram2)
 *(.sram2*)
                0x10000000                        . = ALIGN (0x4)
                0x10000000                        _esram2 = .
                0x10000000                        . = ALIGN (0x4)

.bss            0x20000030       0xb4
                0x20000030                        _sbss = .
                0x20000030                        __bss_start__ = _sbss
 *(.bss)
 .bss           0x20000030       0x1c C:/ST/STM32CubeIDE_1.18.1/STM32CubeIDE/plugins/com.st.stm32cube.ide.mcu.externaltools.gnu-tools-for-stm32.13.3.rel1.win32_1.0.0.202411081344/tools/bin/../lib/gcc/arm-none-eabi/13.3.1/thumb/v7e-m+fp/hard/crtbegin.o
 *(.bss*)
 .bss.buff      0x2000004c       0x95 ./Src/main.o
                0x2000004c                buff
 .bss.read_flag
                0x200000e1        0x1 ./Src/main.o
                0x200000e1                read_flag
 *(COMMON)
                0x200000e4                        . = ALIGN (0x4)
 *fill*         0x200000e2        0x2 
                0x200000e4                        _ebss = .
                0x200000e4                        __bss_end__ = _ebss

._user_heap_stack
                0x200000e4      0x604
                0x200000e8                        . = ALIGN (0x8)
 *fill*         0x200000e4        0x4 
                [!provide]                        PROVIDE (end = .)
                0x200000e8                        PROVIDE (_end = .)
                0x200002e8                        . = (. + _Min_Heap_Size)
 *fill*         0x200000e8      0x200 
                0x200006e8                        . = (. + _Min_Stack_Size)
 *fill*         0x200002e8      0x400 
                0x200006e8                        . = ALIGN (0x8)

/DISCARD/
 libc.a(*)
 libm.a(*)
 libgcc.a(*)

.ARM.attributes
                0x00000000       0x30
 *(.ARM.attributes)
 .ARM.attributes
                0x00000000       0x22 C:/ST/STM32CubeIDE_1.18.1/STM32CubeIDE/plugins/com.st.stm32cube.ide.mcu.externaltools.gnu-tools-for-stm32.13.3.rel1.win32_1.0.0.202411081344/tools/bin/../lib/gcc/arm-none-eabi/13.3.1/thumb/v7e-m+fp/hard/crti.o
 .ARM.attributes
                0x00000022       0x34 C:/ST/STM32CubeIDE_1.18.1/STM32CubeIDE/plugins/com.st.stm32cube.ide.mcu.externaltools.gnu-tools-for-stm32.13.3.rel1.win32_1.0.0.202411081344/tools/bin/../lib/gcc/arm-none-eabi/13.3.1/thumb/v7e-m+fp/hard/crtbegin.o
 .ARM.attributes
                0x00000056       0x34 ./Src/dma.o
 .ARM.attributes
                0x0000008a       0x34 ./Src/interrupt.o
 .ARM.attributes
                0x000000be       0x34 ./Src/main.o
 .ARM.attributes
                0x000000f2       0x34 ./Src/timer.o
 .ARM.attributes
                0x00000126       0x34 ./Src/uart.o
 .ARM.attributes
                0x0000015a       0x21 ./Startup/startup_stm32l433rctxp.o
 .ARM.attributes
                0x0000017b       0x34 C:/ST/STM32CubeIDE_1.18.1/STM32CubeIDE/plugins/com.st.stm32cube.ide.mcu.externaltools.gnu-tools-for-stm32.13.3.rel1.win32_1.0.0.202411081344/tools/bin/../lib/gcc/arm-none-eabi/13.3.1/../../../../arm-none-eabi/lib/thumb/v7e-m+fp/hard\libc_nano.a(libc_a-init.o)
 .ARM.attributes
                0x000001af       0x22 C:/ST/STM32CubeIDE_1.18.1/STM32CubeIDE/plugins/com.st.stm32cube.ide.mcu.externaltools.gnu-tools-for-stm32.13.3.rel1.win32_1.0.0.202411081344/tools/bin/../lib/gcc/arm-none-eabi/13.3.1/thumb/v7e-m+fp/hard/crtn.o
OUTPUT(STM32_Quad.elf elf32-littlearm)
LOAD linker stubs
LOAD C:/ST/STM32CubeIDE_1.18.1/STM32CubeIDE/plugins/com.st.stm32cube.ide.mcu.externaltools.gnu-tools-for-stm32.13.3.rel1.win32_1.0.0.202411081344/tools/bin/../lib/gcc/arm-none-eabi/13.3.1/../../../../arm-none-eabi/lib/thumb/v7e-m+fp/hard\libc.a
LOAD C:/ST/STM32CubeIDE_1.18.1/STM32CubeIDE/plugins/com.st.stm32cube.ide.mcu.externaltools.gnu-tools-for-stm32.13.3.rel1.win32_1.0.0.202411081344/tools/bin/../lib/gcc/arm-none-eabi/13.3.1/../../../../arm-none-eabi/lib/thumb/v7e-m+fp/hard\libm.a
LOAD C:/ST/STM32CubeIDE_1.18.1/STM32CubeIDE/plugins/com.st.stm32cube.ide.mcu.externaltools.gnu-tools-for-stm32.13.3.rel1.win32_1.0.0.202411081344/tools/bin/../lib/gcc/arm-none-eabi/13.3.1/thumb/v7e-m+fp/hard\libgcc.a

.debug_info     0x00000000     0x17ab
 .debug_info    0x00000000      0x4b9 ./Src/dma.o
 .debug_info    0x000004b9      0x41e ./Src/interrupt.o
 .debug_info    0x000008d7      0x520 ./Src/main.o
 .debug_info    0x00000df7      0x3f8 ./Src/timer.o
 .debug_info    0x000011ef      0x58c ./Src/uart.o
 .debug_info    0x0000177b       0x30 ./Startup/startup_stm32l433rctxp.o

.debug_abbrev   0x00000000      0x5b0
 .debug_abbrev  0x00000000      0x107 ./Src/dma.o
 .debug_abbrev  0x00000107      0x118 ./Src/interrupt.o
 .debug_abbrev  0x0000021f      0x13c ./Src/main.o
 .debug_abbrev  0x0000035b       0xcd ./Src/timer.o
 .debug_abbrev  0x00000428      0x164 ./Src/uart.o
 .debug_abbrev  0x0000058c       0x24 ./Startup/startup_stm32l433rctxp.o

.debug_aranges  0x00000000      0x130
 .debug_aranges
                0x00000000       0x30 ./Src/dma.o
 .debug_aranges
                0x00000030       0x40 ./Src/interrupt.o
 .debug_aranges
                0x00000070       0x30 ./Src/main.o
 .debug_aranges
                0x000000a0       0x28 ./Src/timer.o
 .debug_aranges
                0x000000c8       0x40 ./Src/uart.o
 .debug_aranges
                0x00000108       0x28 ./Startup/startup_stm32l433rctxp.o

.debug_rnglists
                0x00000000       0xc9
 .debug_rnglists
                0x00000000       0x1f ./Src/dma.o
 .debug_rnglists
                0x0000001f       0x2b ./Src/interrupt.o
 .debug_rnglists
                0x0000004a       0x20 ./Src/main.o
 .debug_rnglists
                0x0000006a       0x19 ./Src/timer.o
 .debug_rnglists
                0x00000083       0x2d ./Src/uart.o
 .debug_rnglists
                0x000000b0       0x19 ./Startup/startup_stm32l433rctxp.o

.debug_macro    0x00000000    0x1876a
 .debug_macro   0x00000000       0xc9 ./Src/dma.o
 .debug_macro   0x000000c9      0xaea ./Src/dma.o
 .debug_macro   0x00000bb3       0x28 ./Src/dma.o
 .debug_macro   0x00000bdb       0x22 ./Src/dma.o
 .debug_macro   0x00000bfd       0x8e ./Src/dma.o
 .debug_macro   0x00000c8b       0x51 ./Src/dma.o
 .debug_macro   0x00000cdc      0x103 ./Src/dma.o
 .debug_macro   0x00000ddf       0x6a ./Src/dma.o
 .debug_macro   0x00000e49      0x1df ./Src/dma.o
 .debug_macro   0x00001028       0x1c ./Src/dma.o
 .debug_macro   0x00001044       0x22 ./Src/dma.o
 .debug_macro   0x00001066       0xfb ./Src/dma.o
 .debug_macro   0x00001161     0x1011 ./Src/dma.o
 .debug_macro   0x00002172      0x11f ./Src/dma.o
 .debug_macro   0x00002291    0x16153 ./Src/dma.o
 .debug_macro   0x000183e4       0xc9 ./Src/interrupt.o
 .debug_macro   0x000184ad       0xfb ./Src/main.o
 .debug_macro   0x000185a8       0xe7 ./Src/timer.o
 .debug_macro   0x0001868f       0xdb ./Src/uart.o

.debug_line     0x00000000     0x1e6a
 .debug_line    0x00000000      0x5c3 ./Src/dma.o
 .debug_line    0x000005c3      0x5b8 ./Src/interrupt.o
 .debug_line    0x00000b7b      0x5e4 ./Src/main.o
 .debug_line    0x0000115f      0x5d7 ./Src/timer.o
 .debug_line    0x00001736      0x6b9 ./Src/uart.o
 .debug_line    0x00001def       0x7b ./Startup/startup_stm32l433rctxp.o

.debug_str      0x00000000    0x854a7
 .debug_str     0x00000000    0x854a7 ./Src/dma.o
                              0x84f83 (size before relaxing)
 .debug_str     0x000854a7    0x8526f ./Src/interrupt.o
 .debug_str     0x000854a7    0x85027 ./Src/main.o
 .debug_str     0x000854a7    0x84f77 ./Src/timer.o
 .debug_str     0x000854a7    0x84faf ./Src/uart.o
 .debug_str     0x000854a7       0x85 ./Startup/startup_stm32l433rctxp.o

.comment        0x00000000       0x43
 .comment       0x00000000       0x43 ./Src/dma.o
                                 0x44 (size before relaxing)
 .comment       0x00000043       0x44 ./Src/interrupt.o
 .comment       0x00000043       0x44 ./Src/main.o
 .comment       0x00000043       0x44 ./Src/timer.o
 .comment       0x00000043       0x44 ./Src/uart.o

.debug_frame    0x00000000      0x2e0
 .debug_frame   0x00000000       0x80 ./Src/dma.o
 .debug_frame   0x00000080       0xa8 ./Src/interrupt.o
 .debug_frame   0x00000128       0x6c ./Src/main.o
 .debug_frame   0x00000194       0x58 ./Src/timer.o
 .debug_frame   0x000001ec       0xc8 ./Src/uart.o
 .debug_frame   0x000002b4       0x2c C:/ST/STM32CubeIDE_1.18.1/STM32CubeIDE/plugins/com.st.stm32cube.ide.mcu.externaltools.gnu-tools-for-stm32.13.3.rel1.win32_1.0.0.202411081344/tools/bin/../lib/gcc/arm-none-eabi/13.3.1/../../../../arm-none-eabi/lib/thumb/v7e-m+fp/hard\libc_nano.a(libc_a-init.o)

.debug_line_str
                0x00000000       0x69
 .debug_line_str
                0x00000000       0x69 ./Startup/startup_stm32l433rctxp.o
