Archive member included to satisfy reference by file (symbol)

C:/ST/STM32CubeIDE_1.18.1/STM32CubeIDE/plugins/com.st.stm32cube.ide.mcu.externaltools.gnu-tools-for-stm32.13.3.rel1.win32_1.0.0.202411081344/tools/bin/../lib/gcc/arm-none-eabi/13.3.1/../../../../arm-none-eabi/lib/thumb/v7e-m+fp/hard\libc_nano.a(libc_a-exit.o)
                              C:/ST/STM32CubeIDE_1.18.1/STM32CubeIDE/plugins/com.st.stm32cube.ide.mcu.externaltools.gnu-tools-for-stm32.13.3.rel1.win32_1.0.0.202411081344/tools/bin/../lib/gcc/arm-none-eabi/13.3.1/../../../../arm-none-eabi/lib/thumb/v7e-m+fp/hard/crt0.o (exit)
C:/ST/STM32CubeIDE_1.18.1/STM32CubeIDE/plugins/com.st.stm32cube.ide.mcu.externaltools.gnu-tools-for-stm32.13.3.rel1.win32_1.0.0.202411081344/tools/bin/../lib/gcc/arm-none-eabi/13.3.1/../../../../arm-none-eabi/lib/thumb/v7e-m+fp/hard\libc_nano.a(libc_a-findfp.o)
                              C:/ST/STM32CubeIDE_1.18.1/STM32CubeIDE/plugins/com.st.stm32cube.ide.mcu.externaltools.gnu-tools-for-stm32.13.3.rel1.win32_1.0.0.202411081344/tools/bin/../lib/gcc/arm-none-eabi/13.3.1/../../../../arm-none-eabi/lib/thumb/v7e-m+fp/hard\libc_nano.a(libc_a-exit.o) (__stdio_exit_handler)
C:/ST/STM32CubeIDE_1.18.1/STM32CubeIDE/plugins/com.st.stm32cube.ide.mcu.externaltools.gnu-tools-for-stm32.13.3.rel1.win32_1.0.0.202411081344/tools/bin/../lib/gcc/arm-none-eabi/13.3.1/../../../../arm-none-eabi/lib/thumb/v7e-m+fp/hard\libc_nano.a(libc_a-fwalk.o)
                              C:/ST/STM32CubeIDE_1.18.1/STM32CubeIDE/plugins/com.st.stm32cube.ide.mcu.externaltools.gnu-tools-for-stm32.13.3.rel1.win32_1.0.0.202411081344/tools/bin/../lib/gcc/arm-none-eabi/13.3.1/../../../../arm-none-eabi/lib/thumb/v7e-m+fp/hard\libc_nano.a(libc_a-findfp.o) (_fwalk_sglue)
C:/ST/STM32CubeIDE_1.18.1/STM32CubeIDE/plugins/com.st.stm32cube.ide.mcu.externaltools.gnu-tools-for-stm32.13.3.rel1.win32_1.0.0.202411081344/tools/bin/../lib/gcc/arm-none-eabi/13.3.1/../../../../arm-none-eabi/lib/thumb/v7e-m+fp/hard\libc_nano.a(libc_a-stdio.o)
                              C:/ST/STM32CubeIDE_1.18.1/STM32CubeIDE/plugins/com.st.stm32cube.ide.mcu.externaltools.gnu-tools-for-stm32.13.3.rel1.win32_1.0.0.202411081344/tools/bin/../lib/gcc/arm-none-eabi/13.3.1/../../../../arm-none-eabi/lib/thumb/v7e-m+fp/hard\libc_nano.a(libc_a-findfp.o) (__sread)
C:/ST/STM32CubeIDE_1.18.1/STM32CubeIDE/plugins/com.st.stm32cube.ide.mcu.externaltools.gnu-tools-for-stm32.13.3.rel1.win32_1.0.0.202411081344/tools/bin/../lib/gcc/arm-none-eabi/13.3.1/../../../../arm-none-eabi/lib/thumb/v7e-m+fp/hard\libc_nano.a(libc_a-memset.o)
                              C:/ST/STM32CubeIDE_1.18.1/STM32CubeIDE/plugins/com.st.stm32cube.ide.mcu.externaltools.gnu-tools-for-stm32.13.3.rel1.win32_1.0.0.202411081344/tools/bin/../lib/gcc/arm-none-eabi/13.3.1/../../../../arm-none-eabi/lib/thumb/v7e-m+fp/hard/crt0.o (memset)
C:/ST/STM32CubeIDE_1.18.1/STM32CubeIDE/plugins/com.st.stm32cube.ide.mcu.externaltools.gnu-tools-for-stm32.13.3.rel1.win32_1.0.0.202411081344/tools/bin/../lib/gcc/arm-none-eabi/13.3.1/../../../../arm-none-eabi/lib/thumb/v7e-m+fp/hard\libc_nano.a(libc_a-closer.o)
                              C:/ST/STM32CubeIDE_1.18.1/STM32CubeIDE/plugins/com.st.stm32cube.ide.mcu.externaltools.gnu-tools-for-stm32.13.3.rel1.win32_1.0.0.202411081344/tools/bin/../lib/gcc/arm-none-eabi/13.3.1/../../../../arm-none-eabi/lib/thumb/v7e-m+fp/hard\libc_nano.a(libc_a-stdio.o) (_close_r)
C:/ST/STM32CubeIDE_1.18.1/STM32CubeIDE/plugins/com.st.stm32cube.ide.mcu.externaltools.gnu-tools-for-stm32.13.3.rel1.win32_1.0.0.202411081344/tools/bin/../lib/gcc/arm-none-eabi/13.3.1/../../../../arm-none-eabi/lib/thumb/v7e-m+fp/hard\libc_nano.a(libc_a-reent.o)
                              C:/ST/STM32CubeIDE_1.18.1/STM32CubeIDE/plugins/com.st.stm32cube.ide.mcu.externaltools.gnu-tools-for-stm32.13.3.rel1.win32_1.0.0.202411081344/tools/bin/../lib/gcc/arm-none-eabi/13.3.1/../../../../arm-none-eabi/lib/thumb/v7e-m+fp/hard\libc_nano.a(libc_a-closer.o) (errno)
C:/ST/STM32CubeIDE_1.18.1/STM32CubeIDE/plugins/com.st.stm32cube.ide.mcu.externaltools.gnu-tools-for-stm32.13.3.rel1.win32_1.0.0.202411081344/tools/bin/../lib/gcc/arm-none-eabi/13.3.1/../../../../arm-none-eabi/lib/thumb/v7e-m+fp/hard\libc_nano.a(libc_a-impure.o)
                              C:/ST/STM32CubeIDE_1.18.1/STM32CubeIDE/plugins/com.st.stm32cube.ide.mcu.externaltools.gnu-tools-for-stm32.13.3.rel1.win32_1.0.0.202411081344/tools/bin/../lib/gcc/arm-none-eabi/13.3.1/../../../../arm-none-eabi/lib/thumb/v7e-m+fp/hard\libc_nano.a(libc_a-reent.o) (_impure_ptr)
C:/ST/STM32CubeIDE_1.18.1/STM32CubeIDE/plugins/com.st.stm32cube.ide.mcu.externaltools.gnu-tools-for-stm32.13.3.rel1.win32_1.0.0.202411081344/tools/bin/../lib/gcc/arm-none-eabi/13.3.1/../../../../arm-none-eabi/lib/thumb/v7e-m+fp/hard\libc_nano.a(libc_a-lseekr.o)
[...]
Memory Configuration

Name             Origin             Length             Attributes
RAM              0x20000000         0x00010000         xrw
SRAM2            0x10000000         0x00004000         xrw
FLASH            0x08000000         0x00040000         xr
*default*        0x00000000         0xffffffff

Linker script and memory map

LOAD C:/ST/STM32CubeIDE_1.18.1/STM32CubeIDE/plugins/com.st.stm32cube.ide.mcu.externaltools.gnu-tools-for-stm32.13.3.rel1.win32_1.0.0.202411081344/tools/bin/../lib/gcc/arm-none-eabi/13.3.1/thumb/v7e-m+fp/hard/crti.o
LOAD C:/ST/STM32CubeIDE_1.18.1/STM32CubeIDE/plugins/com.st.stm32cube.ide.mcu.externaltools.gnu-tools-for-stm32.13.3.rel1.win32_1.0.0.202411081344/tools/bin/../lib/gcc/arm-none-eabi/13.3.1/thumb/v7e-m+fp/hard/crtbegin.o
LOAD C:/ST/STM32CubeIDE_1.18.1/STM32CubeIDE/plugins/com.st.stm32cube.ide.mcu.externaltools.gnu-tools-for-stm32.13.3.rel1.win32_1.0.0.202411081344/tools/bin/../lib/gcc/arm-none-eabi/13.3.1/../../../../arm-none-eabi/lib/thumb/v7e-m+fp/hard/crt0.o
LOAD ./Src/adc.o
LOAD ./Src/i2c.o
LOAD ./Src/interrupt.o
LOAD ./Src/main.o
LOAD ./Src/syscalls.o
LOAD ./Src/sysmem.o
LOAD ./Src/timer.o
LOAD ./Src/uart.o
LOAD ./Startup/startup_stm32l433rctxp.o
START GROUP
LOAD C:/ST/STM32CubeIDE_1.18.1/STM32CubeIDE/plugins/com.st.stm32cube.ide.mcu.externaltools.gnu-tools-for-stm32.13.3.rel1.win32_1.0.0.202411081344/tools/bin/../lib/gcc/arm-none-eabi/13.3.1/../../../../arm-none-eabi/lib/thumb/v7e-m+fp/hard\libc_nano.a
LOAD C:/ST/STM32CubeIDE_1.18.1/STM32CubeIDE/plugins/com.st.stm32cube.ide.mcu.externaltools.gnu-tools-for-stm32.13.3.rel1.win32_1.0.0.202411081344/tools/bin/../lib/gcc/arm-none-eabi/13.3.1/../../../../arm-none-eabi/lib/thumb/v7e-m+fp/hard\libm.a
END GROUP
START GROUP
LOAD C:/ST/STM32CubeIDE_1.18.1/STM32CubeIDE/plugins/com.st.stm32cube.ide.mcu.externaltools.gnu-tools-for-stm32.13.3.rel1.win32_1.0.0.202411081344/tools/bin/../lib/gcc/arm-none-eabi/13.3.1/thumb/v7e-m+fp/hard\libgcc.a
LOAD C:/ST/STM32CubeIDE_1.18.1/STM32CubeIDE/plugins/com.st.stm32cube.ide.mcu.externaltools.gnu-tools-for-stm32.13.3.rel1.win32_1.0.0.202411081344/tools/bin/../lib/gcc/arm-none-eabi/13.3.1/../../../../arm-none-eabi/lib/thumb/v7e-m+fp/hard\libc_nano.a
END GROUP
START GROUP
LOAD C:/ST/STM32CubeIDE_1.18.1/STM32CubeIDE/plugins/com.st.stm32cube.ide.mcu.externaltools.gnu-tools-for-stm32.13.3.rel1.win32_1.0.0.202411081344/tools/bin/../lib/gcc/arm-none-eabi/13.3.1/thumb/v7e-m+fp/hard\libgcc.a
LOAD C:/ST/STM32CubeIDE_1.18.1/STM32CubeIDE/plugins/com.st.stm32cube.ide.mcu.externaltools.gnu-tools-for-stm32.13.3.rel1.win32_1.0.0.202411081344/tools/bin/../lib/gcc/arm-none-eabi/13.3.1/../../../../arm-none-eabi/lib/thumb/v7e-m+fp/hard\libc_nano.a
LOAD C:/ST/STM32CubeIDE_1.18.1/STM32CubeIDE/plugins/com.st.stm32cube.ide.mcu.externaltools.gnu-tools-for-stm32.13.3.rel1.win32_1.0.0.202411081344/tools/bin/../lib/gcc/arm-none-eabi/13.3.1/../../../../arm-none-eabi/lib/thumb/v7e-m+fp/hard\libnosys.a
END GROUP
START GROUP
LOAD C:/ST/STM32CubeIDE_1.18.1/STM32CubeIDE/plugins/com.st.stm32cube.ide.mcu.externaltools.gnu-tools-for-stm32.13.3.rel1.win32_1.0.0.202411081344/tools/bin/../lib/gcc/arm-none-eabi/13.3.1/thumb/v7e-m+fp/hard\libgcc.a
LOAD C:/ST/STM32CubeIDE_1.18.1/STM32CubeIDE/plugins/com.st.stm32cube.ide.mcu.externaltools.gnu-tools-for-stm32.13.3.rel1.win32_1.0.0.202411081344/tools/bin/../lib/gcc/arm-none-eabi/13.3.1/../../../../arm-none-eabi/lib/thumb/v7e-m+fp/hard\libc_nano.a
LOAD C:/ST/STM32CubeIDE_1.18.1/STM32CubeIDE/plugins/com.st.stm32cube.ide.mcu.externaltools.gnu-tools-for-stm32.13.3.rel1.win32_1.0.0.202411081344/tools/bin/../lib/gcc/arm-none-eabi/13.3.1/../../../../arm-none-eabi/lib/thumb/v7e-m+fp/hard\libnosys.a
END GROUP
LOAD C:/ST/STM32CubeIDE_1.18.1/STM32CubeIDE/plugins/com.st.stm32cube.ide.mcu.externaltools.gnu-tools-for-stm32.13.3.rel1.win32_1.0.0.202411081344/tools/bin/../lib/gcc/arm-none-eabi/13.3.1/thumb/v7e-m+fp/hard/crtend.o
LOAD C:/ST/STM32CubeIDE_1.18.1/STM32CubeIDE/plugins/com.st.stm32cube.ide.mcu.externaltools.gnu-tools-for-stm32.13.3.rel1.win32_1.0.0.202411081344/tools/bin/../lib/gcc/arm-none-eabi/13.3.1/thumb/v7e-m+fp/hard/crtn.o
                0x20010000                        _estack = (ORIGIN (RAM) + LENGTH (RAM))
                0x00000200                        _Min_Heap_Size = 0x200
                0x00000400                        _Min_Stack_Size = 0x400

.isr_vector     0x08000000      0x184
                0x08000000                        . = ALIGN (0x4)
 *(.isr_vector)
 .isr_vector    0x08000000      0x184 ./Startup/startup_stm32l433rctxp.o
                0x08000000                g_pfnVectors
                0x08000184                        . = ALIGN (0x4)

.text           0x08000184      0x798
                0x08000184                        . = ALIGN (0x4)
 *(.text)
 .text          0x08000184       0x40 C:/ST/STM32CubeIDE_1.18.1/STM32CubeIDE/plugins/com.st.stm32cube.ide.mcu.externaltools.gnu-tools-for-stm32.13.3.rel1.win32_1.0.0.202411081344/tools/bin/../lib/gcc/arm-none-eabi/13.3.1/thumb/v7e-m+fp/hard/crtbegin.o
 *(.text*)
 .text.adc_init
                0x080001c4      0x130 ./Src/adc.o
                0x080001c4                adc_init
 .text.i2c_init
                0x080002f4      0x148 ./Src/i2c.o
                0x080002f4                i2c_init
 .text.__NVIC_EnableIRQ
                0x0800043c       0x3c ./Src/interrupt.o
 .text.exti_13_init
                0x08000478       0x90 ./Src/interrupt.o
                0x08000478                exti_13_init
 .text.usart2_interrupt
                0x08000508        0xe ./Src/interrupt.o
                0x08000508                usart2_interrupt
 *fill*         0x08000516        0x2 
 .text.main     0x08000518       0xcc ./Src/main.o
                0x08000518                main
 .text.EXTI15_10_IRQHandler
                0x080005e4       0x34 ./Src/main.o
                0x080005e4                EXTI15_10_IRQHandler
 .text.USART2_IRQHandler
                0x08000618       0x38 ./Src/main.o
                0x08000618                USART2_IRQHandler
 .text.SetClock_16MHz
                0x08000650       0x60 ./Src/timer.o
                0x08000650                SetClock_16MHz
 .text.delay    0x080006b0       0x74 ./Src/timer.o
                0x080006b0                delay
 .text.uart_init
                0x08000724       0xd8 ./Src/uart.o
                0x08000724                uart_init
 .text.baud_rate
                0x080007fc       0x2c ./Src/uart.o
 .text.uart_write
                0x08000828       0x40 ./Src/uart.o
                0x08000828                uart_write
 .text.Reset_Handler
                0x08000868       0x50 ./Startup/startup_stm32l433rctxp.o
                0x08000868                Reset_Handler
 .text.Default_Handler
                0x080008b8        0x2 ./Startup/startup_stm32l433rctxp.o
                0x080008b8                EXTI2_IRQHandler
                0x080008b8                DebugMon_Handler
                0x080008b8                TIM1_CC_IRQHandler
                0x080008b8                TSC_IRQHandler
                0x080008b8                HardFault_Handler
                0x080008b8                SysTick_Handler
                0x080008b8                PVD_IRQHandler
                0x080008b8                TAMP_STAMP_IRQHandler
                0x080008b8                PendSV_Handler
                0x080008b8                NMI_Handler
                0x080008b8                EXTI3_IRQHandler
                0x080008b8                LPTIM2_IRQHandler
                0x080008b8                USB_FS_IRQHandler
                0x080008b8                I2C3_ER_IRQHandler
                0x080008b8                EXTI0_IRQHandler
                0x080008b8                I2C2_EV_IRQHandler
                0x080008b8                CAN1_RX0_IRQHandler
                0x080008b8                UsageFault_Handler
                0x080008b8                SPI1_IRQHandler
                0x080008b8                TIM6_DAC_IRQHandler
                0x080008b8                SDMMC_IRQHandler
                0x080008b8                RTC_ALARM_IRQHandler
                0x080008b8                DMA2_Channel2_IRQHandler
                0x080008b8                DMA1_Channel4_IRQHandler
                0x080008b8                ADC1_IRQHandler
                0x080008b8                USART3_IRQHandler
                0x080008b8                DMA1_Channel7_IRQHandler
                0x080008b8                CAN1_RX1_IRQHandler
                0x080008b8                LCD_IRQHandler
                0x080008b8                ADC3_IRQHandler
                0x080008b8                DMA2_Channel1_IRQHandler
                0x080008b8                I2C1_EV_IRQHandler
                0x080008b8                DMA1_Channel6_IRQHandler
                0x080008b8                TIM16_IRQHandler
                0x080008b8                DMA2_Channel4_IRQHandler
                0x080008b8                RCC_IRQHandler
                0x080008b8                DMA1_Channel1_IRQHandler
                0x080008b8                Default_Handler
                0x080008b8                DMA2_Channel7_IRQHandler
                0x080008b8                TIM7_IRQHandler
                0x080008b8                TIM15_IRQHandler
                0x080008b8                I2C3_EV_IRQHandler
                0x080008b8                EXTI9_5_IRQHandler
                0x080008b8                RTC_WKUP_IRQHandler
                0x080008b8                SPI2_IRQHandler
                0x080008b8                MemManage_Handler
                0x080008b8                CAN1_TX_IRQHandler
                0x080008b8                SVC_Handler
                0x080008b8                DMA2_Channel5_IRQHandler
                0x080008b8                CRS_IRQHandler
                0x080008b8                DMA1_Channel5_IRQHandler
                0x080008b8                EXTI4_IRQHandler
                0x080008b8                RNG_IRQHandler
                0x080008b8                DMA1_Channel3_IRQHandler
                0x080008b8                COMP_IRQHandler
                0x080008b8                WWDG_IRQHandler
                0x080008b8                DMA2_Channel6_IRQHandler
                0x080008b8                TIM2_IRQHandler
                0x080008b8                EXTI1_IRQHandler
                0x080008b8                I2C2_ER_IRQHandler
                0x080008b8                DMA1_Channel2_IRQHandler
                0x080008b8                CAN1_SCE_IRQHandler
                0x080008b8                FLASH_IRQHandler
                0x080008b8                BusFault_Handler
                0x080008b8                USART1_IRQHandler
                0x080008b8                SPI3_IRQHandler
                0x080008b8                I2C1_ER_IRQHandler
                0x080008b8                SWPMI1_IRQHandler
                0x080008b8                LPTIM1_IRQHandler
                0x080008b8                SAI1_IRQHandler
                0x080008b8                DMA2_Channel3_IRQHandler
 *fill*         0x080008ba        0x2 
 .text.__libc_init_array
                0x080008bc       0x48 C:/ST/STM32CubeIDE_1.18.1/STM32CubeIDE/plugins/com.st.stm32cube.ide.mcu.externaltools.gnu-tools-for-stm32.13.3.rel1.win32_1.0.0.202411081344/tools/bin/../lib/gcc/arm-none-eabi/13.3.1/../../../../arm-none-eabi/lib/thumb/v7e-m+fp/hard\libc_nano.a(libc_a-init.o)
                0x080008bc                __libc_init_array
 *(.glue_7)
 .glue_7        0x08000904        0x0 linker stubs
 *(.glue_7t)
 .glue_7t       0x08000904        0x0 linker stubs
 *(.eh_frame)
 .eh_frame      0x08000904        0x0 C:/ST/STM32CubeIDE_1.18.1/STM32CubeIDE/plugins/com.st.stm32cube.ide.mcu.externaltools.gnu-tools-for-stm32.13.3.rel1.win32_1.0.0.202411081344/tools/bin/../lib/gcc/arm-none-eabi/13.3.1/thumb/v7e-m+fp/hard/crtbegin.o
 *(.init)
 .init          0x08000904        0x4 C:/ST/STM32CubeIDE_1.18.1/STM32CubeIDE/plugins/com.st.stm32cube.ide.mcu.externaltools.gnu-tools-for-stm32.13.3.rel1.win32_1.0.0.202411081344/tools/bin/../lib/gcc/arm-none-eabi/13.3.1/thumb/v7e-m+fp/hard/crti.o
                0x08000904                _init
 .init          0x08000908        0x8 C:/ST/STM32CubeIDE_1.18.1/STM32CubeIDE/plugins/com.st.stm32cube.ide.mcu.externaltools.gnu-tools-for-stm32.13.3.rel1.win32_1.0.0.202411081344/tools/bin/../lib/gcc/arm-none-eabi/13.3.1/thumb/v7e-m+fp/hard/crtn.o
 *(.fini)
 .fini          0x08000910        0x4 C:/ST/STM32CubeIDE_1.18.1/STM32CubeIDE/plugins/com.st.stm32cube.ide.mcu.externaltools.gnu-tools-for-stm32.13.3.rel1.win32_1.0.0.202411081344/tools/bin/../lib/gcc/arm-none-eabi/13.3.1/thumb/v7e-m+fp/hard/crti.o
                0x08000910                _fini
 .fini          0x08000914        0x8 C:/ST/STM32CubeIDE_1.18.1/STM32CubeIDE/plugins/com.st.stm32cube.ide.mcu.externaltools.gnu-tools-for-stm32.13.3.rel1.win32_1.0.0.202411081344/tools/bin/../lib/gcc/arm-none-eabi/13.3.1/thumb/v7e-m+fp/hard/crtn.o
                0x0800091c                        . = ALIGN (0x4)
                0x0800091c                        _etext = .

.vfp11_veneer   0x0800091c        0x0
 .vfp11_veneer  0x0800091c        0x0 linker stubs

.v4_bx          0x0800091c        0x0
 .v4_bx         0x0800091c        0x0 linker stubs

.iplt           0x0800091c        0x0
 .iplt          0x0800091c        0x0 C:/ST/STM32CubeIDE_1.18.1/STM32CubeIDE/plugins/com.st.stm32cube.ide.mcu.externaltools.gnu-tools-for-stm32.13.3.rel1.win32_1.0.0.202411081344/tools/bin/../lib/gcc/arm-none-eabi/13.3.1/thumb/v7e-m+fp/hard/crtbegin.o

.rodata         0x0800091c        0xc
                0x0800091c                        . = ALIGN (0x4)
 *(.rodata)
 .rodata        0x0800091c        0xb ./Src/main.o
 *(.rodata*)
                0x08000928                        . = ALIGN (0x4)
 *fill*         0x08000927        0x1 

.ARM.extab      0x08000928        0x0
                0x08000928                        . = ALIGN (0x4)
 *(.ARM.extab* .gnu.linkonce.armextab.*)
                0x08000928                        . = ALIGN (0x4)

.ARM            0x08000928        0x0
                0x08000928                        . = ALIGN (0x4)
                0x08000928                        __exidx_start = .
 *(.ARM.exidx*)
                0x08000928                        __exidx_end = .
                0x08000928                        . = ALIGN (0x4)

.preinit_array  0x08000928        0x0
                0x08000928                        . = ALIGN (0x4)
                0x08000928                        PROVIDE (__preinit_array_start = .)
 *(.preinit_array*)
                0x08000928                        PROVIDE (__preinit_array_end = .)
                0x08000928                        . = ALIGN (0x4)

.init_array     0x08000928        0x4
                0x08000928                        . = ALIGN (0x4)
                0x08000928                        PROVIDE (__init_array_start = .)
 *(SORT_BY_NAME(.init_array.*))
 *(.init_array*)
 .init_array    0x08000928        0x4 C:/ST/STM32CubeIDE_1.18.1/STM32CubeIDE/plugins/com.st.stm32cube.ide.mcu.externaltools.gnu-tools-for-stm32.13.3.rel1.win32_1.0.0.202411081344/tools/bin/../lib/gcc/arm-none-eabi/13.3.1/thumb/v7e-m+fp/hard/crtbegin.o
                0x0800092c                        PROVIDE (__init_array_end = .)
                0x0800092c                        . = ALIGN (0x4)

.fini_array     0x0800092c        0x4
                0x0800092c                        . = ALIGN (0x4)
                [!provide]                        PROVIDE (__fini_array_start = .)
 *(SORT_BY_NAME(.fini_array.*))
 *(.fini_array*)
 .fini_array    0x0800092c        0x4 C:/ST/STM32CubeIDE_1.18.1/STM32CubeIDE/plugins/com.st.stm32cube.ide.mcu.externaltools.gnu-tools-for-stm32.13.3.rel1.win32_1.0.0.202411081344/tools/bin/../lib/gcc/arm-none-eabi/13.3.1/thumb/v7e-m+fp/hard/crtbegin.o
                [!provide]                        PROVIDE (__fini_array_end = .)
                0x08000930                        . = ALIGN (0x4)
                0x08000930                        _sidata = LOADADDR (.data)

.rel.dyn        0x08000930        0x0
 .rel.iplt      0x08000930        0x0 C:/ST/STM32CubeIDE_1.18.1/STM32CubeIDE/plugins/com.st.stm32cube.ide.mcu.externaltools.gnu-tools-for-stm32.13.3.rel1.win32_1.0.0.202411081344/tools/bin/../lib/gcc/arm-none-eabi/13.3.1/thumb/v7e-m+fp/hard/crtbegin.o

.data           0x20000000        0x0 load address 0x08000930
                0x20000000                        . = ALIGN (0x4)
                0x20000000                        _sdata = .
 *(.data)
 *(.data*)
 *(.RamFunc)
 *(.RamFunc*)
                0x20000000                        . = ALIGN (0x4)
                0x20000000                        _edata = .
                0x08000930                        _sisram2 = LOADADDR (.sram2)

.igot.plt       0x20000000        0x0 load address 0x08000930
 .igot.plt      0x20000000        0x0 C:/ST/STM32CubeIDE_1.18.1/STM32CubeIDE/plugins/com.st.stm32cube.ide.mcu.externaltools.gnu-tools-for-stm32.13.3.rel1.win32_1.0.0.202411081344/tools/bin/../lib/gcc/arm-none-eabi/13.3.1/thumb/v7e-m+fp/hard/crtbegin.o

.sram2          0x10000000        0x0 load address 0x08000930
                0x10000000                        . = ALIGN (0x4)
                0x10000000                        _ssram2 = .
 *(.sram2)
 *(.sram2*)
                0x10000000                        . = ALIGN (0x4)
                0x10000000                        _esram2 = .
                0x10000000                        . = ALIGN (0x4)

.bss            0x20000000       0x2c
                0x20000000                        _sbss = .
                0x20000000                        __bss_start__ = _sbss
 *(.bss)
 .bss           0x20000000       0x1c C:/ST/STM32CubeIDE_1.18.1/STM32CubeIDE/plugins/com.st.stm32cube.ide.mcu.externaltools.gnu-tools-for-stm32.13.3.rel1.win32_1.0.0.202411081344/tools/bin/../lib/gcc/arm-none-eabi/13.3.1/thumb/v7e-m+fp/hard/crtbegin.o
 *(.bss*)
 .bss.flag      0x2000001c        0x1 ./Src/main.o
                0x2000001c                flag
 .bss.read_flag
                0x2000001d        0x1 ./Src/main.o
                0x2000001d                read_flag
 .bss.a         0x2000001e        0x1 ./Src/main.o
                0x2000001e                a
 *fill*         0x2000001f        0x1 
 .bss.buff      0x20000020        0xc ./Src/main.o
                0x20000020                buff
 *(COMMON)
                0x2000002c                        . = ALIGN (0x4)
                0x2000002c                        _ebss = .
                0x2000002c                        __bss_end__ = _ebss

._user_heap_stack
                0x2000002c      0x604
                0x20000030                        . = ALIGN (0x8)
 *fill*         0x2000002c        0x4 
                [!provide]                        PROVIDE (end = .)
                0x20000030                        PROVIDE (_end = .)
                0x20000230                        . = (. + _Min_Heap_Size)
 *fill*         0x20000030      0x200 
                0x20000630                        . = (. + _Min_Stack_Size)
 *fill*         0x20000230      0x400 
                0x20000630                        . = ALIGN (0x8)

/DISCARD/
 libc.a(*)
 libm.a(*)
 libgcc.a(*)

.ARM.attributes
                0x00000000       0x30
 *(.ARM.attributes)
 .ARM.attributes
                0x00000000       0x22 C:/ST/STM32CubeIDE_1.18.1/STM32CubeIDE/plugins/com.st.stm32cube.ide.mcu.externaltools.gnu-tools-for-stm32.13.3.rel1.win32_1.0.0.202411081344/tools/bin/../lib/gcc/arm-none-eabi/13.3.1/thumb/v7e-m+fp/hard/crti.o
 .ARM.attributes
                0x00000022       0x34 C:/ST/STM32CubeIDE_1.18.1/STM32CubeIDE/plugins/com.st.stm32cube.ide.mcu.externaltools.gnu-tools-for-stm32.13.3.rel1.win32_1.0.0.202411081344/tools/bin/../lib/gcc/arm-none-eabi/13.3.1/thumb/v7e-m+fp/hard/crtbegin.o
 .ARM.attributes
                0x00000056       0x34 ./Src/adc.o
 .ARM.attributes
                0x0000008a       0x34 ./Src/i2c.o
 .ARM.attributes
                0x000000be       0x34 ./Src/interrupt.o
 .ARM.attributes
                0x000000f2       0x34 ./Src/main.o
 .ARM.attributes
                0x00000126       0x34 ./Src/timer.o
 .ARM.attributes
                0x0000015a       0x34 ./Src/uart.o
 .ARM.attributes
                0x0000018e       0x21 ./Startup/startup_stm32l433rctxp.o
 .ARM.attributes
                0x000001af       0x34 C:/ST/STM32CubeIDE_1.18.1/STM32CubeIDE/plugins/com.st.stm32cube.ide.mcu.externaltools.gnu-tools-for-stm32.13.3.rel1.win32_1.0.0.202411081344/tools/bin/../lib/gcc/arm-none-eabi/13.3.1/../../../../arm-none-eabi/lib/thumb/v7e-m+fp/hard\libc_nano.a(libc_a-init.o)
 .ARM.attributes
                0x000001e3       0x22 C:/ST/STM32CubeIDE_1.18.1/STM32CubeIDE/plugins/com.st.stm32cube.ide.mcu.externaltools.gnu-tools-for-stm32.13.3.rel1.win32_1.0.0.202411081344/tools/bin/../lib/gcc/arm-none-eabi/13.3.1/thumb/v7e-m+fp/hard/crtn.o
OUTPUT(STM32_Test.elf elf32-littlearm)
LOAD linker stubs
LOAD C:/ST/STM32CubeIDE_1.18.1/STM32CubeIDE/plugins/com.st.stm32cube.ide.mcu.externaltools.gnu-tools-for-stm32.13.3.rel1.win32_1.0.0.202411081344/tools/bin/../lib/gcc/arm-none-eabi/13.3.1/../../../../arm-none-eabi/lib/thumb/v7e-m+fp/hard\libc.a
LOAD C:/ST/STM32CubeIDE_1.18.1/STM32CubeIDE/plugins/com.st.stm32cube.ide.mcu.externaltools.gnu-tools-for-stm32.13.3.rel1.win32_1.0.0.202411081344/tools/bin/../lib/gcc/arm-none-eabi/13.3.1/../../../../arm-none-eabi/lib/thumb/v7e-m+fp/hard\libm.a
LOAD C:/ST/STM32CubeIDE_1.18.1/STM32CubeIDE/plugins/com.st.stm32cube.ide.mcu.externaltools.gnu-tools-for-stm32.13.3.rel1.win32_1.0.0.202411081344/tools/bin/../lib/gcc/arm-none-eabi/13.3.1/thumb/v7e-m+fp/hard\libgcc.a

.debug_info     0x00000000     0x21de
 .debug_info    0x00000000      0x55b ./Src/adc.o
 .debug_info    0x0000055b      0x46b ./Src/i2c.o
 .debug_info    0x000009c6      0x87e ./Src/interrupt.o
 .debug_info    0x00001244      0x629 ./Src/main.o
 .debug_info    0x0000186d      0x3f8 ./Src/timer.o
 .debug_info    0x00001c65      0x549 ./Src/uart.o
 .debug_info    0x000021ae       0x30 ./Startup/startup_stm32l433rctxp.o

.debug_abbrev   0x00000000      0x790
 .debug_abbrev  0x00000000      0x136 ./Src/adc.o
 .debug_abbrev  0x00000136      0x130 ./Src/i2c.o
 .debug_abbrev  0x00000266      0x17a ./Src/interrupt.o
 .debug_abbrev  0x000003e0      0x15b ./Src/main.o
 .debug_abbrev  0x0000053b       0xcd ./Src/timer.o
 .debug_abbrev  0x00000608      0x164 ./Src/uart.o
 .debug_abbrev  0x0000076c       0x24 ./Startup/startup_stm32l433rctxp.o

.debug_aranges  0x00000000      0x150
 .debug_aranges
                0x00000000       0x30 ./Src/adc.o
 .debug_aranges
                0x00000030       0x30 ./Src/i2c.o
 .debug_aranges
                0x00000060       0x30 ./Src/interrupt.o
 .debug_aranges
                0x00000090       0x30 ./Src/main.o
 .debug_aranges
                0x000000c0       0x28 ./Src/timer.o
 .debug_aranges
                0x000000e8       0x40 ./Src/uart.o
 .debug_aranges
                0x00000128       0x28 ./Startup/startup_stm32l433rctxp.o

.debug_rnglists
                0x00000000       0xe0
 .debug_rnglists
                0x00000000       0x20 ./Src/adc.o
 .debug_rnglists
                0x00000020       0x21 ./Src/i2c.o
 .debug_rnglists
                0x00000041       0x20 ./Src/interrupt.o
 .debug_rnglists
                0x00000061       0x20 ./Src/main.o
 .debug_rnglists
                0x00000081       0x19 ./Src/timer.o
 .debug_rnglists
                0x0000009a       0x2d ./Src/uart.o
 .debug_rnglists
                0x000000c7       0x19 ./Startup/startup_stm32l433rctxp.o

.debug_macro    0x00000000    0x18863
 .debug_macro   0x00000000       0xdf ./Src/adc.o
 .debug_macro   0x000000df      0xaea ./Src/adc.o
 .debug_macro   0x00000bc9       0x28 ./Src/adc.o
 .debug_macro   0x00000bf1       0x22 ./Src/adc.o
 .debug_macro   0x00000c13       0x8e ./Src/adc.o
 .debug_macro   0x00000ca1       0x51 ./Src/adc.o
 .debug_macro   0x00000cf2      0x103 ./Src/adc.o
 .debug_macro   0x00000df5       0x6a ./Src/adc.o
 .debug_macro   0x00000e5f      0x1df ./Src/adc.o
 .debug_macro   0x0000103e       0x1c ./Src/adc.o
 .debug_macro   0x0000105a       0x22 ./Src/adc.o
 .debug_macro   0x0000107c       0xfb ./Src/adc.o
 .debug_macro   0x00001177     0x1011 ./Src/adc.o
 .debug_macro   0x00002188      0x11f ./Src/adc.o
 .debug_macro   0x000022a7    0x16153 ./Src/adc.o
 .debug_macro   0x000183fa       0xd5 ./Src/i2c.o
 .debug_macro   0x000184cf       0xd5 ./Src/interrupt.o
 .debug_macro   0x000185a4       0xf7 ./Src/main.o
 .debug_macro   0x0001869b       0xe7 ./Src/timer.o
 .debug_macro   0x00018782       0xe1 ./Src/uart.o

.debug_line     0x00000000     0x25d3
 .debug_line    0x00000000      0x62c ./Src/adc.o
 .debug_line    0x0000062c      0x6db ./Src/i2c.o
 .debug_line    0x00000d07      0x5e4 ./Src/interrupt.o
 .debug_line    0x000012eb      0x602 ./Src/main.o
 .debug_line    0x000018ed      0x5d7 ./Src/timer.o
 .debug_line    0x00001ec4      0x694 ./Src/uart.o
 .debug_line    0x00002558       0x7b ./Startup/startup_stm32l433rctxp.o

.debug_str      0x00000000    0x855ca
 .debug_str     0x00000000    0x855ca ./Src/adc.o
                              0x84fde (size before relaxing)
 .debug_str     0x000855ca    0x84f8b ./Src/i2c.o
 .debug_str     0x000855ca    0x85445 ./Src/interrupt.o
 .debug_str     0x000855ca    0x85044 ./Src/main.o
 .debug_str     0x000855ca    0x84f77 ./Src/timer.o
 .debug_str     0x000855ca    0x84fb0 ./Src/uart.o
 .debug_str     0x000855ca       0x85 ./Startup/startup_stm32l433rctxp.o

.comment        0x00000000       0x43
 .comment       0x00000000       0x43 ./Src/adc.o
                                 0x44 (size before relaxing)
 .comment       0x00000043       0x44 ./Src/i2c.o
 .comment       0x00000043       0x44 ./Src/interrupt.o
 .comment       0x00000043       0x44 ./Src/main.o
 .comment       0x00000043       0x44 ./Src/timer.o
 .comment       0x00000043       0x44 ./Src/uart.o

.debug_frame    0x00000000      0x318
 .debug_frame   0x00000000       0x6c ./Src/adc.o
 .debug_frame   0x0000006c       0x80 ./Src/i2c.o
 .debug_frame   0x000000ec       0x70 ./Src/interrupt.o
 .debug_frame   0x0000015c       0x70 ./Src/main.o
 .debug_frame   0x000001cc       0x58 ./Src/timer.o
 .debug_frame   0x00000224       0xc8 ./Src/uart.o
 .debug_frame   0x000002ec       0x2c C:/ST/STM32CubeIDE_1.18.1/STM32CubeIDE/plugins/com.st.stm32cube.ide.mcu.externaltools.gnu-tools-for-stm32.13.3.rel1.win32_1.0.0.202411081344/tools/bin/../lib/gcc/arm-none-eabi/13.3.1/../../../../arm-none-eabi/lib/thumb/v7e-m+fp/hard\libc_nano.a(libc_a-init.o)

.debug_line_str
                0x00000000       0x69
 .debug_line_str
                0x00000000       0x69 ./Startup/startup_stm32l433rctxp.o
